2026-06-07 11:16:08.012 | INFO     | __main__:main:52 - ============================================================
2026-06-07 11:16:08.013 | INFO     | __main__:main:53 -   Archer-Robot Vocal Collaboration System
2026-06-07 11:16:08.013 | INFO     | __main__:main:54 - ============================================================
2026-06-07 11:16:08.029 | INFO     | config.config_loader:get_config:23 - Config loaded from /home/harsh-upadhyay/Documents/CS Projects/Archer Robot/Archer-Robot-Vocal-Collaboration-System/config/config.yaml
2026-06-07 11:16:08.029 | INFO     | __main__:main:63 - Synthesis engine : sinusoidal
2026-06-07 11:16:08.029 | INFO     | __main__:main:64 - Pitch engine     : pyin
2026-06-07 11:16:08.029 | INFO     | __main__:main:65 - Cree tokenizer   : disabled
2026-06-07 11:16:08.029 | INFO     | __main__:main:66 - ------------------------------------------------------------
2026-06-07 11:16:08.778 | INFO     | core.pipeline:__init__:22 - Initializing Archer-Robot Vocal Collaboration pipeline
2026-06-07 11:16:08.779 | INFO     | analysis.pitch_detector:__init__:17 - Pitch engine: pYIN
2026-06-07 11:16:08.779 | INFO     | analysis.cree_tokenizer:__init__:48 - Cree tokenizer disabled — running in neutral mode
2026-06-07 11:16:08.779 | INFO     | synthesis.vocable_synthesizer:_init_engine:44 - Vocable synthesizer engine: sinusoidal
2026-06-07 11:16:08.779 | INFO     | core.pipeline:__init__:38 - Pipeline initialized, all modules ready!
2026-06-07 11:16:08.779 | INFO     | __main__:main:75 - Starting pipeline!
2026-06-07 11:16:08.779 | INFO     | output.timing_sync:start:31 - TimingSync playback thread started
2026-06-07 11:16:08.779 | INFO     | core.audio_capture:start:41 - Opening audio stream: device=default, rate=44100Hz, frame=1024 samples
2026-06-07 11:16:08.789 | INFO     | core.audio_capture:start:58 - Audio capture started
2026-06-07 11:16:08.789 | INFO     | core.pipeline:start:49 - Pipeline running, Archer can sing now
2026-06-07 11:16:09.474 | DEBUG    | analysis.rhythm_analyzer:_detect_onset_in_buffer:90 - Onset detected at t=0.087s
2026-06-07 11:16:12.478 | DEBUG    | analysis.rhythm_analyzer:_detect_onset_in_buffer:90 - Onset detected at t=2.020s
2026-06-07 11:16:12.692 | DEBUG    | analysis.rhythm_analyzer:_detect_onset_in_buffer:90 - Onset detected at t=2.130s
2026-06-07 11:16:13.633 | DEBUG    | analysis.rhythm_analyzer:_estimate_tempo:113 - Tempo updated: 147.7 BPM
2026-06-07 11:16:13.814 | DEBUG    | analysis.rhythm_analyzer:_detect_onset_in_buffer:90 - Onset detected at t=2.229s
2026-06-07 11:16:14.427 | DEBUG    | analysis.rhythm_analyzer:_detect_onset_in_buffer:90 - Onset detected at t=2.514s
2026-06-07 11:16:15.441 | DEBUG    | analysis.rhythm_analyzer:_detect_onset_in_buffer:90 - Onset detected at t=2.949s
2026-06-07 11:16:15.535 | DEBUG    | analysis.rhythm_analyzer:_detect_onset_in_buffer:90 - Onset detected at t=3.059s
2026-06-07 11:16:15.980 | DEBUG    | analysis.rhythm_analyzer:_detect_onset_in_buffer:90 - Onset detected at t=3.268s
2026-06-07 11:16:16.761 | DEBUG    | analysis.rhythm_analyzer:_detect_onset_in_buffer:90 - Onset detected at t=3.634s
2026-06-07 11:16:17.279 | DEBUG    | analysis.rhythm_analyzer:_detect_onset_in_buffer:90 - Onset detected at t=3.895s
2026-06-07 11:16:17.562 | DEBUG    | analysis.rhythm_analyzer:_detect_onset_in_buffer:90 - Onset detected at t=3.988s
2026-06-07 11:16:17.798 | DEBUG    | analysis.rhythm_analyzer:_detect_onset_in_buffer:90 - Onset detected at t=4.145s
2026-06-07 11:16:19.019 | DEBUG    | analysis.rhythm_analyzer:_detect_onset_in_buffer:90 - Onset detected at t=4.719s
2026-06-07 11:16:21.400 | DEBUG    | analysis.rhythm_analyzer:_detect_onset_in_buffer:90 - Onset detected at t=5.863s
2026-06-07 11:16:22.444 | DEBUG    | analysis.rhythm_analyzer:_detect_onset_in_buffer:90 - Onset detected at t=6.339s
2026-06-07 11:16:22.596 | DEBUG    | synthesis.harmony_engine:_infer_key:187 - Key updated: root=9, scale=[0, 2, 3, 5, 7, 8, 10]
2026-06-07 11:16:23.629 | DEBUG    | analysis.rhythm_analyzer:_detect_onset_in_buffer:90 - Onset detected at t=6.821s
2026-06-07 11:16:23.878 | DEBUG    | synthesis.harmony_engine:_infer_key:187 - Key updated: root=4, scale=[0, 2, 4, 5, 7, 9, 11]
2026-06-07 11:16:23.994 | DEBUG    | synthesis.harmony_engine:_infer_key:187 - Key updated: root=9, scale=[0, 2, 3, 5, 7, 8, 10]
2026-06-07 11:16:24.780 | DEBUG    | analysis.rhythm_analyzer:_detect_onset_in_buffer:90 - Onset detected at t=7.303s
2026-06-07 11:16:24.826 | DEBUG    | synthesis.harmony_engine:_infer_key:187 - Key updated: root=4, scale=[0, 2, 4, 5, 7, 9, 11]
2026-06-07 11:16:24.882 | DEBUG    | synthesis.harmony_engine:_infer_key:187 - Key updated: root=9, scale=[0, 2, 3, 5, 7, 8, 10]
2026-06-07 11:16:25.043 | DEBUG    | synthesis.harmony_engine:_infer_key:187 - Key updated: root=4, scale=[0, 2, 4, 5, 7, 9, 11]
2026-06-07 11:16:25.904 | DEBUG    | analysis.rhythm_analyzer:_detect_onset_in_buffer:90 - Onset detected at t=7.784s
2026-06-07 11:16:26.129 | DEBUG    | synthesis.harmony_engine:_infer_key:187 - Key updated: root=9, scale=[0, 2, 3, 5, 7, 8, 10]
2026-06-07 11:16:26.963 | DEBUG    | analysis.rhythm_analyzer:_detect_onset_in_buffer:90 - Onset detected at t=8.266s
2026-06-07 11:16:28.191 | DEBUG    | analysis.rhythm_analyzer:_detect_onset_in_buffer:90 - Onset detected at t=8.748s
2026-06-07 11:16:28.479 | DEBUG    | synthesis.harmony_engine:_infer_key:187 - Key updated: root=11, scale=[0, 2, 4, 5, 7, 9, 11]
2026-06-07 11:16:29.476 | DEBUG    | analysis.rhythm_analyzer:_detect_onset_in_buffer:90 - Onset detected at t=9.224s
2026-06-07 11:16:31.172 | DEBUG    | synthesis.harmony_engine:_infer_key:187 - Key updated: root=8, scale=[0, 2, 3, 5, 7, 8, 10]
2026-06-07 11:16:31.870 | DEBUG    | synthesis.harmony_engine:_infer_key:187 - Key updated: root=10, scale=[0, 2, 3, 5, 7, 8, 10]
2026-06-07 11:16:31.986 | DEBUG    | synthesis.harmony_engine:_infer_key:187 - Key updated: root=8, scale=[0, 2, 3, 5, 7, 8, 10]
2026-06-07 11:16:32.047 | DEBUG    | synthesis.harmony_engine:_infer_key:187 - Key updated: root=10, scale=[0, 2, 3, 5, 7, 8, 10]
2026-06-07 11:16:32.325 | DEBUG    | synthesis.harmony_engine:_infer_key:187 - Key updated: root=3, scale=[0, 2, 4, 5, 7, 9, 11]
2026-06-07 11:16:33.069 | DEBUG    | synthesis.harmony_engine:_infer_key:187 - Key updated: root=3, scale=[0, 2, 3, 5, 7, 8, 10]
2026-06-07 11:16:34.023 | DEBUG    | synthesis.harmony_engine:_infer_key:187 - Key updated: root=1, scale=[0, 2, 3, 5, 7, 8, 10]
2026-06-07 11:16:34.188 | DEBUG    | analysis.rhythm_analyzer:_detect_onset_in_buffer:90 - Onset detected at t=11.151s
2026-06-07 11:16:34.393 | DEBUG    | synthesis.harmony_engine:_infer_key:187 - Key updated: root=2, scale=[0, 2, 3, 5, 7, 8, 10]
2026-06-07 11:16:34.553 | DEBUG    | synthesis.harmony_engine:_infer_key:187 - Key updated: root=1, scale=[0, 2, 3, 5, 7, 8, 10]
2026-06-07 11:16:34.809 | DEBUG    | synthesis.harmony_engine:_infer_key:187 - Key updated: root=2, scale=[0, 2, 3, 5, 7, 8, 10]
2026-06-07 11:16:34.910 | DEBUG    | synthesis.harmony_engine:_infer_key:187 - Key updated: root=2, scale=[0, 2, 4, 5, 7, 9, 11]
2026-06-07 11:16:35.015 | DEBUG    | synthesis.harmony_engine:_infer_key:187 - Key updated: root=2, scale=[0, 2, 3, 5, 7, 8, 10]
2026-06-07 11:16:35.292 | DEBUG    | analysis.rhythm_analyzer:_detect_onset_in_buffer:90 - Onset detected at t=11.627s
2026-06-07 11:16:35.338 | DEBUG    | synthesis.harmony_engine:_infer_key:187 - Key updated: root=0, scale=[0, 2, 3, 5, 7, 8, 10]
2026-06-07 11:16:35.697 | DEBUG    | synthesis.harmony_engine:_infer_key:187 - Key updated: root=1, scale=[0, 2, 3, 5, 7, 8, 10]
2026-06-07 11:16:35.901 | DEBUG    | synthesis.harmony_engine:_infer_key:187 - Key updated: root=0, scale=[0, 2, 3, 5, 7, 8, 10]
2026-06-07 11:16:35.952 | DEBUG    | synthesis.harmony_engine:_infer_key:187 - Key updated: root=1, scale=[0, 2, 3, 5, 7, 8, 10]
2026-06-07 11:16:36.003 | DEBUG    | synthesis.harmony_engine:_infer_key:187 - Key updated: root=0, scale=[0, 2, 3, 5, 7, 8, 10]
2026-06-07 11:16:36.389 | DEBUG    | analysis.rhythm_analyzer:_detect_onset_in_buffer:90 - Onset detected at t=12.098s
2026-06-07 11:16:36.484 | DEBUG    | synthesis.harmony_engine:_infer_key:187 - Key updated: root=11, scale=[0, 2, 3, 5, 7, 8, 10]
2026-06-07 11:16:36.538 | DEBUG    | synthesis.harmony_engine:_infer_key:187 - Key updated: root=0, scale=[0, 2, 3, 5, 7, 8, 10]
2026-06-07 11:16:37.441 | DEBUG    | analysis.rhythm_analyzer:_detect_onset_in_buffer:90 - Onset detected at t=12.562s
2026-06-07 11:16:38.040 | DEBUG    | analysis.rhythm_analyzer:_detect_onset_in_buffer:90 - Onset detected at t=12.823s
2026-06-07 11:16:38.086 | DEBUG    | synthesis.harmony_engine:_infer_key:187 - Key updated: root=11, scale=[0, 2, 3, 5, 7, 8, 10]
2026-06-07 11:16:38.384 | DEBUG    | synthesis.harmony_engine:_infer_key:187 - Key updated: root=2, scale=[0, 2, 4, 5, 7, 9, 11]
2026-06-07 11:16:38.443 | DEBUG    | analysis.rhythm_analyzer:_detect_onset_in_buffer:90 - Onset detected at t=12.992s
2026-06-07 11:16:39.872 | DEBUG    | analysis.rhythm_analyzer:_detect_onset_in_buffer:90 - Onset detected at t=13.526s
2026-06-07 11:16:40.329 | DEBUG    | analysis.rhythm_analyzer:_detect_onset_in_buffer:90 - Onset detected at t=13.810s
2026-06-07 11:16:40.638 | DEBUG    | analysis.rhythm_analyzer:_detect_onset_in_buffer:90 - Onset detected at t=13.891s
2026-06-07 11:16:41.506 | DEBUG    | synthesis.harmony_engine:_infer_key:187 - Key updated: root=2, scale=[0, 2, 3, 5, 7, 8, 10]
2026-06-07 11:16:41.512 | DEBUG    | analysis.rhythm_analyzer:_detect_onset_in_buffer:90 - Onset detected at t=14.251s
2026-06-07 11:16:42.243 | DEBUG    | synthesis.harmony_engine:_infer_key:187 - Key updated: root=5, scale=[0, 2, 4, 5, 7, 9, 11]
2026-06-07 11:16:42.403 | DEBUG    | analysis.rhythm_analyzer:_detect_onset_in_buffer:90 - Onset detected at t=14.629s
2026-06-07 11:16:43.281 | DEBUG    | analysis.rhythm_analyzer:_detect_onset_in_buffer:90 - Onset detected at t=15.012s
2026-06-07 11:16:43.488 | DEBUG    | synthesis.harmony_engine:_infer_key:187 - Key updated: root=5, scale=[0, 2, 3, 5, 7, 8, 10]
2026-06-07 11:16:43.545 | DEBUG    | analysis.rhythm_analyzer:_detect_onset_in_buffer:90 - Onset detected at t=15.134s
2026-06-07 11:16:43.700 | DEBUG    | analysis.rhythm_analyzer:_detect_onset_in_buffer:90 - Onset detected at t=15.203s
2026-06-07 11:16:43.829 | DEBUG    | core.pipeline:_processing_loop:97 - [35.05s] Archer: 830.6Hz (G♯5), conf=0.62, BPM=147.7
2026-06-07 11:16:43.882 | DEBUG    | core.pipeline:_processing_loop:97 - [35.10s] Archer: 835.4Hz (G♯5), conf=0.62, BPM=147.7
2026-06-07 11:16:43.934 | DEBUG    | core.pipeline:_processing_loop:97 - [35.16s] Archer: 835.4Hz (G♯5), conf=0.62, BPM=147.7
2026-06-07 11:16:43.986 | DEBUG    | core.pipeline:_processing_loop:97 - [35.21s] Archer: 835.4Hz (G♯5), conf=0.69, BPM=147.7
2026-06-07 11:16:43.993 | DEBUG    | analysis.rhythm_analyzer:_detect_onset_in_buffer:90 - Onset detected at t=15.314s
2026-06-07 11:16:44.754 | DEBUG    | analysis.rhythm_analyzer:_detect_onset_in_buffer:90 - Onset detected at t=15.639s
2026-06-07 11:16:45.369 | DEBUG    | synthesis.harmony_engine:_infer_key:187 - Key updated: root=7, scale=[0, 2, 3, 5, 7, 8, 10]
2026-06-07 11:16:45.375 | DEBUG    | analysis.rhythm_analyzer:_detect_onset_in_buffer:90 - Onset detected at t=15.906s
2026-06-07 11:16:45.646 | DEBUG    | analysis.rhythm_analyzer:_detect_onset_in_buffer:90 - Onset detected at t=16.022s
2026-06-07 11:16:46.443 | DEBUG    | analysis.rhythm_analyzer:_detect_onset_in_buffer:90 - Onset detected at t=16.364s
2026-06-07 11:16:46.704 | DEBUG    | analysis.rhythm_analyzer:_detect_onset_in_buffer:90 - Onset detected at t=16.480s
2026-06-07 11:16:47.312 | DEBUG    | synthesis.harmony_engine:_infer_key:187 - Key updated: root=7, scale=[0, 2, 4, 5, 7, 9, 11]
2026-06-07 11:16:47.371 | DEBUG    | synthesis.harmony_engine:_infer_key:187 - Key updated: root=7, scale=[0, 2, 3, 5, 7, 8, 10]
2026-06-07 11:16:47.538 | DEBUG    | analysis.rhythm_analyzer:_detect_onset_in_buffer:90 - Onset detected at t=16.829s
2026-06-07 11:16:47.640 | DEBUG    | synthesis.harmony_engine:_infer_key:187 - Key updated: root=6, scale=[0, 2, 3, 5, 7, 8, 10]
2026-06-07 11:16:48.547 | DEBUG    | analysis.rhythm_analyzer:_detect_onset_in_buffer:90 - Onset detected at t=17.264s
2026-06-07 11:16:48.979 | DEBUG    | analysis.rhythm_analyzer:_detect_onset_in_buffer:90 - Onset detected at t=17.438s
2026-06-07 11:16:51.404 | DEBUG    | analysis.rhythm_analyzer:_detect_onset_in_buffer:90 - Onset detected at t=18.379s
2026-06-07 11:16:51.568 | DEBUG    | analysis.rhythm_analyzer:_detect_onset_in_buffer:90 - Onset detected at t=18.460s
2026-06-07 11:16:52.344 | DEBUG    | analysis.rhythm_analyzer:_detect_onset_in_buffer:90 - Onset detected at t=18.715s
2026-06-07 11:16:52.556 | DEBUG    | analysis.rhythm_analyzer:_detect_onset_in_buffer:90 - Onset detected at t=18.808s
2026-06-07 11:16:52.744 | DEBUG    | core.pipeline:_processing_loop:97 - [43.97s] Archer: 788.5Hz (G5), conf=0.62, BPM=147.7
2026-06-07 11:16:52.746 | DEBUG    | synthesis.harmony_engine:_infer_key:187 - Key updated: root=5, scale=[0, 2, 3, 5, 7, 8, 10]
2026-06-07 11:16:52.809 | DEBUG    | core.pipeline:_processing_loop:97 - [44.03s] Archer: 788.5Hz (G5), conf=0.62, BPM=147.7
2026-06-07 11:16:52.811 | DEBUG    | synthesis.harmony_engine:_infer_key:187 - Key updated: root=5, scale=[0, 2, 4, 5, 7, 9, 11]
2026-06-07 11:16:52.862 | DEBUG    | core.pipeline:_processing_loop:97 - [44.08s] Archer: 784.0Hz (G5), conf=0.62, BPM=147.7
2026-06-07 11:16:52.917 | DEBUG    | core.pipeline:_processing_loop:97 - [44.14s] Archer: 784.0Hz (G5), conf=0.62, BPM=147.7
2026-06-07 11:16:52.984 | DEBUG    | core.pipeline:_processing_loop:97 - [44.21s] Archer: 788.5Hz (G5), conf=0.62, BPM=147.7
2026-06-07 11:16:53.041 | DEBUG    | core.pipeline:_processing_loop:97 - [44.26s] Archer: 788.5Hz (G5), conf=0.62, BPM=147.7
2026-06-07 11:16:53.042 | DEBUG    | synthesis.harmony_engine:_infer_key:187 - Key updated: root=7, scale=[0, 2, 3, 5, 7, 8, 10]
2026-06-07 11:16:53.094 | DEBUG    | core.pipeline:_processing_loop:97 - [44.32s] Archer: 788.5Hz (G5), conf=0.62, BPM=147.7
2026-06-07 11:16:53.149 | DEBUG    | core.pipeline:_processing_loop:97 - [44.37s] Archer: 784.0Hz (G5), conf=0.62, BPM=147.7
2026-06-07 11:16:53.201 | DEBUG    | core.pipeline:_processing_loop:97 - [44.42s] Archer: 784.0Hz (G5), conf=0.62, BPM=147.7
2026-06-07 11:16:53.256 | DEBUG    | core.pipeline:_processing_loop:97 - [44.48s] Archer: 788.5Hz (G5), conf=0.62, BPM=147.7
2026-06-07 11:16:53.326 | DEBUG    | core.pipeline:_processing_loop:97 - [44.55s] Archer: 788.5Hz (G5), conf=0.62, BPM=147.7
2026-06-07 11:16:53.382 | DEBUG    | core.pipeline:_processing_loop:97 - [44.60s] Archer: 788.5Hz (G5), conf=0.62, BPM=147.7
2026-06-07 11:16:53.436 | DEBUG    | core.pipeline:_processing_loop:97 - [44.66s] Archer: 784.0Hz (G5), conf=0.62, BPM=147.7
2026-06-07 11:16:53.492 | DEBUG    | core.pipeline:_processing_loop:97 - [44.71s] Archer: 788.5Hz (G5), conf=0.62, BPM=147.7
2026-06-07 11:16:53.544 | DEBUG    | core.pipeline:_processing_loop:97 - [44.77s] Archer: 788.5Hz (G5), conf=0.69, BPM=147.7
2026-06-07 11:16:53.551 | DEBUG    | analysis.rhythm_analyzer:_detect_onset_in_buffer:90 - Onset detected at t=19.185s
2026-06-07 11:16:54.381 | DEBUG    | analysis.rhythm_analyzer:_detect_onset_in_buffer:90 - Onset detected at t=19.557s
2026-06-07 11:16:54.486 | DEBUG    | analysis.rhythm_analyzer:_detect_onset_in_buffer:90 - Onset detected at t=19.621s
2026-06-07 11:16:54.893 | INFO     | core.pipeline:start:54 - KeyboardInterrupt stopping pipeline
2026-06-07 11:16:54.940 | INFO     | core.audio_capture:stop:67 - Audio capture stopped
2026-06-07 11:16:54.970 | INFO     | output.timing_sync:stop:37 - TimingSync stopped
2026-06-07 11:16:54.971 | INFO     | core.pipeline:stop:65 - Pipeline stopped after 46.2s, 851 frames processed
