2026-06-13 18:31:39.575 | INFO     | __main__:main:52 - ============================================================
2026-06-13 18:31:39.576 | INFO     | __main__:main:53 -   Archer-Robot Vocal Collaboration System
2026-06-13 18:31:39.576 | INFO     | __main__:main:54 - ============================================================
2026-06-13 18:31:39.618 | INFO     | config.config_loader:get_config:23 - Config loaded from /home/harsh-upadhyay/Documents/CS Projects/Archer Robot/Archer-Robot-Vocal-Collaboration-System/config/config.yaml
2026-06-13 18:31:39.618 | INFO     | __main__:main:63 - Synthesis engine : sinusoidal
2026-06-13 18:31:39.618 | INFO     | __main__:main:64 - Pitch engine     : pyin
2026-06-13 18:31:39.618 | INFO     | __main__:main:65 - Cree tokenizer   : disabled
2026-06-13 18:31:39.618 | INFO     | __main__:main:66 - ------------------------------------------------------------
2026-06-13 18:31:40.758 | INFO     | core.pipeline:__init__:22 - Initializing Archer-Robot Vocal Collaboration pipeline
2026-06-13 18:31:40.759 | INFO     | analysis.pitch_detector:__init__:17 - Pitch engine: pYIN
2026-06-13 18:31:40.759 | INFO     | analysis.cree_tokenizer:__init__:48 - Cree tokenizer disabled — running in neutral mode
2026-06-13 18:31:40.759 | INFO     | synthesis.vocable_synthesizer:_init_engine:44 - Vocable synthesizer engine: sinusoidal
2026-06-13 18:31:40.759 | INFO     | core.pipeline:__init__:38 - Pipeline initialized, all modules ready!
2026-06-13 18:31:40.759 | INFO     | __main__:main:75 - Starting pipeline!
2026-06-13 18:31:40.759 | INFO     | output.timing_sync:start:31 - TimingSync playback thread started
2026-06-13 18:31:40.759 | INFO     | core.audio_capture:start:41 - Opening audio stream: device=default, rate=44100Hz, frame=1024 samples
2026-06-13 18:31:40.768 | INFO     | core.audio_capture:start:58 - Audio capture started
2026-06-13 18:31:40.768 | INFO     | core.pipeline:start:49 - Pipeline running, Archer can sing now
2026-06-13 18:31:42.367 | DEBUG    | analysis.rhythm_analyzer:_detect_onset_in_buffer:90 - Onset detected at t=0.087s
2026-06-13 18:31:42.747 | DEBUG    | analysis.rhythm_analyzer:_detect_onset_in_buffer:90 - Onset detected at t=0.197s
2026-06-13 18:31:43.010 | DEBUG    | analysis.rhythm_analyzer:_detect_onset_in_buffer:90 - Onset detected at t=0.290s
2026-06-13 18:31:45.352 | DEBUG    | analysis.rhythm_analyzer:_estimate_tempo:113 - Tempo updated: 139.7 BPM
2026-06-13 18:31:49.931 | DEBUG    | analysis.rhythm_analyzer:_detect_onset_in_buffer:90 - Onset detected at t=1.382s
2026-06-13 18:31:50.109 | DEBUG    | analysis.rhythm_analyzer:_detect_onset_in_buffer:90 - Onset detected at t=1.451s
2026-06-13 18:31:50.523 | DEBUG    | analysis.rhythm_analyzer:_detect_onset_in_buffer:90 - Onset detected at t=1.515s
2026-06-13 18:31:52.340 | DEBUG    | analysis.rhythm_analyzer:_detect_onset_in_buffer:90 - Onset detected at t=1.852s
2026-06-13 18:31:53.524 | DEBUG    | analysis.rhythm_analyzer:_detect_onset_in_buffer:90 - Onset detected at t=2.009s
2026-06-13 18:31:53.767 | DEBUG    | analysis.rhythm_analyzer:_detect_onset_in_buffer:90 - Onset detected at t=2.107s
2026-06-13 18:31:54.056 | DEBUG    | analysis.rhythm_analyzer:_detect_onset_in_buffer:90 - Onset detected at t=2.177s
2026-06-13 18:31:54.812 | DEBUG    | analysis.rhythm_analyzer:_detect_onset_in_buffer:90 - Onset detected at t=2.293s
2026-06-13 18:31:55.207 | DEBUG    | analysis.rhythm_analyzer:_detect_onset_in_buffer:90 - Onset detected at t=2.363s
2026-06-13 18:31:55.783 | DEBUG    | analysis.rhythm_analyzer:_detect_onset_in_buffer:90 - Onset detected at t=2.485s
2026-06-13 18:31:56.355 | DEBUG    | analysis.rhythm_analyzer:_detect_onset_in_buffer:90 - Onset detected at t=2.572s
2026-06-13 18:31:56.784 | DEBUG    | analysis.rhythm_analyzer:_detect_onset_in_buffer:90 - Onset detected at t=2.641s
2026-06-13 18:31:57.479 | DEBUG    | analysis.rhythm_analyzer:_detect_onset_in_buffer:90 - Onset detected at t=2.757s
2026-06-13 18:31:58.261 | DEBUG    | analysis.rhythm_analyzer:_detect_onset_in_buffer:90 - Onset detected at t=2.902s
2026-06-13 18:31:59.813 | DEBUG    | analysis.rhythm_analyzer:_detect_onset_in_buffer:90 - Onset detected at t=3.094s
2026-06-13 18:31:59.935 | DEBUG    | analysis.rhythm_analyzer:_detect_onset_in_buffer:90 - Onset detected at t=3.175s
2026-06-13 18:32:01.315 | DEBUG    | analysis.rhythm_analyzer:_detect_onset_in_buffer:90 - Onset detected at t=3.379s
2026-06-13 18:32:01.988 | DEBUG    | analysis.rhythm_analyzer:_detect_onset_in_buffer:90 - Onset detected at t=3.529s
2026-06-13 18:32:02.422 | DEBUG    | analysis.rhythm_analyzer:_detect_onset_in_buffer:90 - Onset detected at t=3.593s
2026-06-13 18:32:03.049 | DEBUG    | analysis.rhythm_analyzer:_detect_onset_in_buffer:90 - Onset detected at t=3.727s
2026-06-13 18:32:04.098 | DEBUG    | analysis.rhythm_analyzer:_detect_onset_in_buffer:90 - Onset detected at t=3.953s
2026-06-13 18:32:04.718 | DEBUG    | analysis.rhythm_analyzer:_detect_onset_in_buffer:90 - Onset detected at t=4.052s
2026-06-13 18:32:05.316 | DEBUG    | analysis.rhythm_analyzer:_detect_onset_in_buffer:90 - Onset detected at t=4.168s
2026-06-13 18:32:05.682 | DEBUG    | analysis.rhythm_analyzer:_detect_onset_in_buffer:90 - Onset detected at t=4.232s
2026-06-13 18:32:06.905 | DEBUG    | analysis.rhythm_analyzer:_detect_onset_in_buffer:90 - Onset detected at t=4.470s
2026-06-13 18:32:07.196 | DEBUG    | analysis.rhythm_analyzer:_detect_onset_in_buffer:90 - Onset detected at t=4.545s
2026-06-13 18:32:07.337 | INFO     | core.pipeline:start:54 - KeyboardInterrupt stopping pipeline
2026-06-13 18:32:07.375 | INFO     | core.audio_capture:stop:67 - Audio capture stopped
2026-06-13 18:32:07.384 | INFO     | output.timing_sync:stop:37 - TimingSync stopped
2026-06-13 18:32:07.384 | INFO     | core.pipeline:stop:65 - Pipeline stopped after 26.6s, 197 frames processed
