2026-06-20 20:06:45.022 | INFO     | config.config_loader:get_config:23 - Config loaded from /home/harsh-upadhyay/Documents/CS Projects/Archer Robot/Archer-Robot-Vocal-Collaboration-System/config/config.yaml
2026-06-20 20:06:45.022 | INFO     | __main__:main:46 - ============================================================
2026-06-20 20:06:45.022 | INFO     | __main__:main:47 -   Archer-Robot Vocal Collaboration System
2026-06-20 20:06:45.022 | INFO     | __main__:main:48 - ============================================================
2026-06-20 20:06:45.022 | INFO     | __main__:main:49 - Using input device: 7
2026-06-20 20:06:45.688 | INFO     | core.pipeline:__init__:21 - Initializing Archer-Robot Vocal Collaboration pipeline
2026-06-20 20:06:45.689 | INFO     | core.preprocessor:__init__:16 - Preprocessor ready — silence threshold: -40 dBFS
2026-06-20 20:06:45.689 | INFO     | analysis.pitch_detector:__init__:29 - Pitch engine: aubio YIN (hop=512, buf=2048, sr=44100, fmin=80 Hz, fmax=1200 Hz)
2026-06-20 20:06:45.689 | INFO     | analysis.cree_tokenizer:__init__:49 - Cree tokenizer disabled — running in neutral mode
2026-06-20 20:06:45.689 | INFO     | synthesis.vocable_synthesizer:_init_engine:44 - Vocable synthesizer engine: sinusoidal
2026-06-20 20:06:45.689 | INFO     | core.pipeline:__init__:40 - Pipeline initialized, all modules ready!
2026-06-20 20:06:45.689 | INFO     | __main__:main:57 - Pipeline running — play music or sing now!
2026-06-20 20:06:45.689 | INFO     | output.timing_sync:start:31 - TimingSync playback thread started
2026-06-20 20:06:45.689 | INFO     | core.audio_capture:start:33 - Opening audio stream: device=7, rate=44100Hz, frame=1024
2026-06-20 20:06:45.708 | INFO     | core.audio_capture:start:45 - Audio capture started
2026-06-20 20:06:45.708 | INFO     | core.pipeline:start:51 - Pipeline running, Archer can sing now
2026-06-20 20:06:46.618 | DEBUG    | analysis.rhythm_analyzer:_update_phrase_state:75 - Phrase ended at t=0.91s
2026-06-20 20:06:46.703 | DEBUG    | core.preprocessor:process:30 - [mic]  -41.7 dBFS  threshold=-40 dBFS  → SILENT  (voiced so far: 12%)
2026-06-20 20:06:47.706 | DEBUG    | core.preprocessor:process:30 - [mic]  -41.8 dBFS  threshold=-40 dBFS  → SILENT  (voiced so far: 6%)
2026-06-20 20:06:48.709 | DEBUG    | core.preprocessor:process:30 - [mic]  -41.8 dBFS  threshold=-40 dBFS  → SILENT  (voiced so far: 4%)
2026-06-20 20:06:49.711 | DEBUG    | core.preprocessor:process:30 - [mic]  -41.8 dBFS  threshold=-40 dBFS  → SILENT  (voiced so far: 3%)
2026-06-20 20:06:50.714 | DEBUG    | core.preprocessor:process:30 - [mic]  -41.9 dBFS  threshold=-40 dBFS  → SILENT  (voiced so far: 2%)
2026-06-20 20:06:51.695 | DEBUG    | core.preprocessor:process:30 - [mic]  -41.9 dBFS  threshold=-40 dBFS  → SILENT  (voiced so far: 2%)
2026-06-20 20:06:52.698 | DEBUG    | core.preprocessor:process:30 - [mic]  -42.0 dBFS  threshold=-40 dBFS  → SILENT  (voiced so far: 2%)
2026-06-20 20:06:53.700 | DEBUG    | core.preprocessor:process:30 - [mic]  -42.0 dBFS  threshold=-40 dBFS  → SILENT  (voiced so far: 1%)
2026-06-20 20:06:54.703 | DEBUG    | core.preprocessor:process:30 - [mic]  -42.0 dBFS  threshold=-40 dBFS  → SILENT  (voiced so far: 1%)
2026-06-20 20:06:55.706 | DEBUG    | core.preprocessor:process:30 - [mic]  -42.1 dBFS  threshold=-40 dBFS  → SILENT  (voiced so far: 1%)
2026-06-20 20:06:56.687 | DEBUG    | core.preprocessor:process:30 - [mic]  -41.8 dBFS  threshold=-40 dBFS  → SILENT  (voiced so far: 1%)
2026-06-20 20:06:57.690 | DEBUG    | core.preprocessor:process:30 - [mic]  -42.0 dBFS  threshold=-40 dBFS  → SILENT  (voiced so far: 1%)
2026-06-20 20:06:58.692 | DEBUG    | core.preprocessor:process:30 - [mic]  -42.0 dBFS  threshold=-40 dBFS  → SILENT  (voiced so far: 1%)
2026-06-20 20:06:59.695 | DEBUG    | core.preprocessor:process:30 - [mic]  -42.1 dBFS  threshold=-40 dBFS  → SILENT  (voiced so far: 1%)
2026-06-20 20:07:00.698 | DEBUG    | core.preprocessor:process:30 - [mic]  -42.0 dBFS  threshold=-40 dBFS  → SILENT  (voiced so far: 1%)
2026-06-20 20:07:01.679 | DEBUG    | core.preprocessor:process:30 - [mic]  -42.0 dBFS  threshold=-40 dBFS  → SILENT  (voiced so far: 1%)
2026-06-20 20:07:02.682 | DEBUG    | core.preprocessor:process:30 - [mic]  -42.0 dBFS  threshold=-40 dBFS  → SILENT  (voiced so far: 1%)
2026-06-20 20:07:03.685 | DEBUG    | core.preprocessor:process:30 - [mic]  -42.2 dBFS  threshold=-40 dBFS  → SILENT  (voiced so far: 1%)
2026-06-20 20:07:04.687 | DEBUG    | core.preprocessor:process:30 - [mic]  -42.0 dBFS  threshold=-40 dBFS  → SILENT  (voiced so far: 1%)
2026-06-20 20:07:05.690 | DEBUG    | core.preprocessor:process:30 - [mic]  -42.2 dBFS  threshold=-40 dBFS  → SILENT  (voiced so far: 1%)
2026-06-20 20:07:06.671 | DEBUG    | core.preprocessor:process:30 - [mic]  -42.1 dBFS  threshold=-40 dBFS  → SILENT  (voiced so far: 1%)
2026-06-20 20:07:07.674 | DEBUG    | core.preprocessor:process:30 - [mic]  -42.1 dBFS  threshold=-40 dBFS  → SILENT  (voiced so far: 1%)
2026-06-20 20:07:08.676 | DEBUG    | core.preprocessor:process:30 - [mic]  -42.2 dBFS  threshold=-40 dBFS  → SILENT  (voiced so far: 1%)
2026-06-20 20:07:09.679 | DEBUG    | core.preprocessor:process:30 - [mic]  -42.2 dBFS  threshold=-40 dBFS  → SILENT  (voiced so far: 0%)
2026-06-20 20:07:10.682 | DEBUG    | core.preprocessor:process:30 - [mic]  -42.2 dBFS  threshold=-40 dBFS  → SILENT  (voiced so far: 0%)
2026-06-20 20:07:11.663 | DEBUG    | core.preprocessor:process:30 - [mic]  -42.1 dBFS  threshold=-40 dBFS  → SILENT  (voiced so far: 0%)
2026-06-20 20:07:12.666 | DEBUG    | core.preprocessor:process:30 - [mic]  -42.2 dBFS  threshold=-40 dBFS  → SILENT  (voiced so far: 0%)
2026-06-20 20:07:13.371 | INFO     | core.pipeline:start:56 - KeyboardInterrupt — stopping pipeline
2026-06-20 20:07:13.392 | INFO     | core.audio_capture:stop:53 - Audio capture stopped
2026-06-20 20:07:13.410 | INFO     | output.timing_sync:stop:37 - TimingSync stopped
2026-06-20 20:07:13.410 | INFO     | core.pipeline:stop:66 - Pipeline stopped after 27.7s, 1191 frames processed
