2026-06-21 15:07:19.398 | INFO     | config.config_loader:get_config:23 - Config loaded from /home/harsh-upadhyay/Documents/CS Projects/Archer Robot/Archer-Robot-Vocal-Collaboration-System/config/config.yaml
2026-06-21 15:07:20.280 | INFO     | core.preprocessor:__init__:16 - Preprocessor ready — silence threshold: -40 dBFS
2026-06-21 15:07:20.281 | INFO     | analysis.pitch_detector:__init__:29 - Pitch engine: aubio YIN (hop=512, buf=2048, sr=44100, fmin=80 Hz, fmax=1200 Hz)
2026-06-21 15:07:20.281 | INFO     | analysis.cree_tokenizer:__init__:49 - Cree tokenizer disabled — running in neutral mode
2026-06-21 15:07:20.281 | INFO     | synthesis.vocable_synthesizer:_init_engine:44 - Vocable synthesizer engine: sinusoidal
2026-06-21 15:07:20.281 | INFO     | output.timing_sync:start:31 - TimingSync playback thread started
2026-06-21 15:07:20.281 | INFO     | core.audio_capture:start:33 - Opening audio stream: device=7, rate=44100Hz, frame=1024
2026-06-21 15:07:20.301 | INFO     | core.audio_capture:start:45 - Audio capture started
2026-06-21 15:07:20.301 | INFO     | __main__:run_pipeline:91 - Pipeline running — open http://localhost:8000 in your browser
2026-06-21 15:07:20.492 | DEBUG    | __main__:run_pipeline:116 - PITCH 86.2 Hz conf=0.34
2026-06-21 15:07:21.297 | DEBUG    | core.preprocessor:process:30 - [mic]  -32.2 dBFS  threshold=-40 dBFS  → VOICED  (voiced so far: 100%)
2026-06-21 15:07:21.898 | DEBUG    | analysis.rhythm_analyzer:_detect_onset_in_buffer:101 - Onset detected at t=0.046s
2026-06-21 15:07:21.898 | DEBUG    | analysis.rhythm_analyzer:_detect_onset_in_buffer:101 - Onset detected at t=0.087s
2026-06-21 15:07:21.899 | DEBUG    | analysis.rhythm_analyzer:_detect_onset_in_buffer:101 - Onset detected at t=0.180s
2026-06-21 15:07:21.899 | DEBUG    | analysis.rhythm_analyzer:_detect_onset_in_buffer:101 - Onset detected at t=0.319s
2026-06-21 15:07:21.899 | DEBUG    | analysis.rhythm_analyzer:_detect_onset_in_buffer:101 - Onset detected at t=0.505s
2026-06-21 15:07:21.899 | DEBUG    | analysis.rhythm_analyzer:_detect_onset_in_buffer:101 - Onset detected at t=0.882s
2026-06-21 15:07:21.912 | DEBUG    | __main__:run_pipeline:116 - PITCH 88.9 Hz conf=0.62
2026-06-21 15:07:22.088 | DEBUG    | __main__:run_pipeline:116 - PITCH 91.6 Hz conf=0.31
2026-06-21 15:07:22.300 | DEBUG    | core.preprocessor:process:30 - [mic]  -32.3 dBFS  threshold=-40 dBFS  → VOICED  (voiced so far: 100%)
2026-06-21 15:07:22.328 | DEBUG    | analysis.rhythm_analyzer:_detect_onset_in_buffer:101 - Onset detected at t=1.016s
2026-06-21 15:07:22.329 | DEBUG    | analysis.rhythm_analyzer:_detect_onset_in_buffer:101 - Onset detected at t=1.062s
2026-06-21 15:07:22.329 | DEBUG    | analysis.rhythm_analyzer:_detect_onset_in_buffer:101 - Onset detected at t=1.631s
2026-06-21 15:07:22.329 | DEBUG    | analysis.rhythm_analyzer:_detect_onset_in_buffer:101 - Onset detected at t=1.974s
2026-06-21 15:07:23.513 | DEBUG    | analysis.rhythm_analyzer:_estimate_tempo:119 - Tempo updated: 143.6 BPM
2026-06-21 15:07:23.513 | DEBUG    | __main__:run_pipeline:116 - PITCH 160.9 Hz conf=0.32
2026-06-21 15:07:23.520 | DEBUG    | __main__:run_pipeline:116 - PITCH 442.9 Hz conf=0.50
2026-06-21 15:07:23.527 | DEBUG    | __main__:run_pipeline:116 - PITCH 658.2 Hz conf=0.53
2026-06-21 15:07:23.532 | DEBUG    | __main__:run_pipeline:116 - PITCH 658.3 Hz conf=0.54
2026-06-21 15:07:23.532 | DEBUG    | __main__:run_pipeline:116 - PITCH 658.3 Hz conf=0.50
2026-06-21 15:07:23.533 | DEBUG    | __main__:run_pipeline:116 - PITCH 658.3 Hz conf=0.52
2026-06-21 15:07:23.533 | DEBUG    | __main__:run_pipeline:116 - PITCH 662.0 Hz conf=0.52
2026-06-21 15:07:23.534 | DEBUG    | __main__:run_pipeline:116 - PITCH 660.8 Hz conf=0.52
2026-06-21 15:07:23.534 | DEBUG    | __main__:run_pipeline:116 - PITCH 660.8 Hz conf=0.52
2026-06-21 15:07:23.534 | DEBUG    | __main__:run_pipeline:116 - PITCH 660.8 Hz conf=0.53
2026-06-21 15:07:23.535 | DEBUG    | __main__:run_pipeline:116 - PITCH 660.7 Hz conf=0.54
2026-06-21 15:07:23.535 | DEBUG    | __main__:run_pipeline:116 - PITCH 660.7 Hz conf=0.53
2026-06-21 15:07:23.536 | DEBUG    | __main__:run_pipeline:116 - PITCH 660.1 Hz conf=0.52
2026-06-21 15:07:23.536 | DEBUG    | __main__:run_pipeline:116 - PITCH 660.1 Hz conf=0.52
2026-06-21 15:07:23.536 | DEBUG    | __main__:run_pipeline:116 - PITCH 659.9 Hz conf=0.51
2026-06-21 15:07:23.537 | DEBUG    | __main__:run_pipeline:116 - PITCH 660.1 Hz conf=0.51
2026-06-21 15:07:23.537 | DEBUG    | __main__:run_pipeline:116 - PITCH 659.9 Hz conf=0.52
2026-06-21 15:07:23.538 | DEBUG    | __main__:run_pipeline:116 - PITCH 660.1 Hz conf=0.51
2026-06-21 15:07:23.538 | DEBUG    | __main__:run_pipeline:116 - PITCH 660.1 Hz conf=0.51
2026-06-21 15:07:23.538 | DEBUG    | __main__:run_pipeline:116 - PITCH 660.1 Hz conf=0.52
2026-06-21 15:07:23.539 | DEBUG    | __main__:run_pipeline:116 - PITCH 660.3 Hz conf=0.51
2026-06-21 15:07:23.539 | DEBUG    | __main__:run_pipeline:116 - PITCH 660.1 Hz conf=0.62
2026-06-21 15:07:23.540 | DEBUG    | __main__:run_pipeline:116 - PITCH 661.2 Hz conf=0.59
2026-06-21 15:07:23.540 | DEBUG    | __main__:run_pipeline:116 - PITCH 668.0 Hz conf=0.46
2026-06-21 15:07:23.554 | DEBUG    | __main__:run_pipeline:116 - PITCH 668.0 Hz conf=0.36
2026-06-21 15:07:23.561 | DEBUG    | __main__:run_pipeline:116 - PITCH 142.6 Hz conf=0.32
2026-06-21 15:07:23.575 | DEBUG    | core.preprocessor:process:30 - [mic]  -32.2 dBFS  threshold=-40 dBFS  → VOICED  (voiced so far: 100%)
2026-06-21 15:07:23.583 | DEBUG    | analysis.rhythm_analyzer:_detect_onset_in_buffer:101 - Onset detected at t=2.177s
2026-06-21 15:07:23.583 | DEBUG    | analysis.rhythm_analyzer:_detect_onset_in_buffer:101 - Onset detected at t=2.409s
2026-06-21 15:07:23.583 | DEBUG    | analysis.rhythm_analyzer:_detect_onset_in_buffer:101 - Onset detected at t=2.473s
2026-06-21 15:07:23.583 | DEBUG    | analysis.rhythm_analyzer:_detect_onset_in_buffer:101 - Onset detected at t=2.525s
2026-06-21 15:07:23.583 | DEBUG    | analysis.rhythm_analyzer:_detect_onset_in_buffer:101 - Onset detected at t=2.728s
2026-06-21 15:07:23.583 | DEBUG    | analysis.rhythm_analyzer:_detect_onset_in_buffer:101 - Onset detected at t=2.879s
2026-06-21 15:07:23.590 | DEBUG    | __main__:run_pipeline:116 - PITCH 142.3 Hz conf=0.42
2026-06-21 15:07:23.605 | DEBUG    | __main__:run_pipeline:116 - PITCH 130.1 Hz conf=0.61
2026-06-21 15:07:23.619 | DEBUG    | __main__:run_pipeline:116 - PITCH 127.4 Hz conf=0.50
2026-06-21 15:07:23.628 | DEBUG    | __main__:run_pipeline:116 - PITCH 127.4 Hz conf=0.60
2026-06-21 15:07:23.944 | DEBUG    | __main__:run_pipeline:116 - PITCH 127.4 Hz conf=0.50
2026-06-21 15:07:23.985 | DEBUG    | __main__:run_pipeline:116 - PITCH 663.6 Hz conf=0.64
2026-06-21 15:07:24.008 | DEBUG    | __main__:run_pipeline:116 - PITCH 871.1 Hz conf=0.84
2026-06-21 15:07:24.028 | DEBUG    | __main__:run_pipeline:116 - PITCH 889.3 Hz conf=0.87
2026-06-21 15:07:24.049 | DEBUG    | __main__:run_pipeline:116 - PITCH 889.3 Hz conf=0.89
2026-06-21 15:07:24.071 | DEBUG    | __main__:run_pipeline:116 - PITCH 889.3 Hz conf=0.89
2026-06-21 15:07:24.093 | DEBUG    | __main__:run_pipeline:116 - PITCH 889.4 Hz conf=0.89
2026-06-21 15:07:24.113 | DEBUG    | __main__:run_pipeline:116 - PITCH 889.4 Hz conf=0.89
2026-06-21 15:07:24.135 | DEBUG    | __main__:run_pipeline:116 - PITCH 888.0 Hz conf=0.89
2026-06-21 15:07:24.157 | DEBUG    | __main__:run_pipeline:116 - PITCH 887.1 Hz conf=0.89
2026-06-21 15:07:24.162 | DEBUG    | synthesis.harmony_engine:_infer_key:199 - Key updated: root=4, scale=[0, 2, 4, 5, 7, 9, 11]
2026-06-21 15:07:24.178 | DEBUG    | __main__:run_pipeline:116 - PITCH 887.1 Hz conf=0.89
2026-06-21 15:07:24.199 | DEBUG    | __main__:run_pipeline:116 - PITCH 887.5 Hz conf=0.90
2026-06-21 15:07:24.220 | DEBUG    | __main__:run_pipeline:116 - PITCH 887.5 Hz conf=0.90
2026-06-21 15:07:24.264 | DEBUG    | __main__:run_pipeline:116 - PITCH 886.9 Hz conf=0.90
2026-06-21 15:07:24.284 | DEBUG    | __main__:run_pipeline:116 - PITCH 886.9 Hz conf=0.90
2026-06-21 15:07:24.306 | DEBUG    | core.preprocessor:process:30 - [mic]  -31.2 dBFS  threshold=-40 dBFS  → VOICED  (voiced so far: 100%)
2026-06-21 15:07:24.379 | DEBUG    | analysis.rhythm_analyzer:_detect_onset_in_buffer:101 - Onset detected at t=3.628s
2026-06-21 15:07:24.403 | DEBUG    | __main__:run_pipeline:116 - PITCH 888.0 Hz conf=0.90
2026-06-21 15:07:24.404 | DEBUG    | __main__:run_pipeline:116 - PITCH 888.0 Hz conf=0.90
2026-06-21 15:07:24.404 | DEBUG    | __main__:run_pipeline:116 - PITCH 888.5 Hz conf=0.87
2026-06-21 15:07:24.405 | DEBUG    | __main__:run_pipeline:116 - PITCH 890.3 Hz conf=0.87
2026-06-21 15:07:24.405 | DEBUG    | __main__:run_pipeline:116 - PITCH 890.3 Hz conf=0.76
2026-06-21 15:07:24.413 | DEBUG    | __main__:run_pipeline:116 - PITCH 890.3 Hz conf=0.41
2026-06-21 15:07:24.457 | DEBUG    | __main__:run_pipeline:116 - PITCH 880.8 Hz conf=0.87
2026-06-21 15:07:24.476 | DEBUG    | __main__:run_pipeline:116 - PITCH 931.6 Hz conf=0.47
2026-06-21 15:07:25.139 | DEBUG    | __main__:run_pipeline:116 - PITCH 877.4 Hz conf=0.34
2026-06-21 15:07:25.308 | DEBUG    | core.preprocessor:process:30 - [mic]  -32.4 dBFS  threshold=-40 dBFS  → VOICED  (voiced so far: 100%)
2026-06-21 15:07:25.320 | DEBUG    | analysis.rhythm_analyzer:_detect_onset_in_buffer:101 - Onset detected at t=4.011s
2026-06-21 15:07:25.320 | DEBUG    | analysis.rhythm_analyzer:_detect_onset_in_buffer:101 - Onset detected at t=4.127s
2026-06-21 15:07:25.320 | DEBUG    | analysis.rhythm_analyzer:_detect_onset_in_buffer:101 - Onset detected at t=4.168s
2026-06-21 15:07:25.320 | DEBUG    | analysis.rhythm_analyzer:_detect_onset_in_buffer:101 - Onset detected at t=4.301s
2026-06-21 15:07:25.320 | DEBUG    | analysis.rhythm_analyzer:_detect_onset_in_buffer:101 - Onset detected at t=4.429s
2026-06-21 15:07:26.289 | DEBUG    | core.preprocessor:process:30 - [mic]  -32.6 dBFS  threshold=-40 dBFS  → VOICED  (voiced so far: 100%)
2026-06-21 15:07:26.308 | DEBUG    | analysis.rhythm_analyzer:_detect_onset_in_buffer:101 - Onset detected at t=5.341s
2026-06-21 15:07:26.308 | DEBUG    | analysis.rhythm_analyzer:_detect_onset_in_buffer:101 - Onset detected at t=5.387s
2026-06-21 15:07:26.525 | DEBUG    | __main__:run_pipeline:116 - PITCH 113.0 Hz conf=0.51
2026-06-21 15:07:26.719 | DEBUG    | __main__:run_pipeline:116 - PITCH 106.0 Hz conf=0.36
2026-06-21 15:07:26.908 | DEBUG    | __main__:run_pipeline:116 - PITCH 93.4 Hz conf=0.31
2026-06-21 15:07:26.931 | DEBUG    | __main__:run_pipeline:116 - PITCH 93.4 Hz conf=0.40
2026-06-21 15:07:27.292 | DEBUG    | core.preprocessor:process:30 - [mic]  -32.6 dBFS  threshold=-40 dBFS  → VOICED  (voiced so far: 100%)
2026-06-21 15:07:27.299 | DEBUG    | analysis.rhythm_analyzer:_detect_onset_in_buffer:101 - Onset detected at t=6.670s
2026-06-21 15:07:27.362 | DEBUG    | __main__:run_pipeline:116 - PITCH 93.4 Hz conf=0.35
2026-06-21 15:07:27.443 | DEBUG    | __main__:run_pipeline:116 - PITCH 126.9 Hz conf=0.59
2026-06-21 15:07:27.463 | DEBUG    | __main__:run_pipeline:116 - PITCH 909.2 Hz conf=0.68
2026-06-21 15:07:27.484 | DEBUG    | __main__:run_pipeline:116 - PITCH 929.5 Hz conf=0.40
2026-06-21 15:07:27.506 | DEBUG    | __main__:run_pipeline:116 - PITCH 917.3 Hz conf=0.46
2026-06-21 15:07:27.528 | DEBUG    | __main__:run_pipeline:116 - PITCH 917.3 Hz conf=0.33
2026-06-21 15:07:27.868 | DEBUG    | __main__:run_pipeline:116 - PITCH 917.3 Hz conf=0.64
2026-06-21 15:07:27.890 | DEBUG    | __main__:run_pipeline:116 - PITCH 916.7 Hz conf=0.75
2026-06-21 15:07:27.932 | DEBUG    | __main__:run_pipeline:116 - PITCH 916.7 Hz conf=0.79
2026-06-21 15:07:27.954 | DEBUG    | __main__:run_pipeline:116 - PITCH 893.9 Hz conf=0.81
2026-06-21 15:07:27.975 | DEBUG    | __main__:run_pipeline:116 - PITCH 893.9 Hz conf=0.79
2026-06-21 15:07:27.996 | DEBUG    | __main__:run_pipeline:116 - PITCH 888.5 Hz conf=0.80
2026-06-21 15:07:28.018 | DEBUG    | __main__:run_pipeline:116 - PITCH 887.6 Hz conf=0.78
2026-06-21 15:07:28.039 | DEBUG    | __main__:run_pipeline:116 - PITCH 885.0 Hz conf=0.82
2026-06-21 15:07:28.060 | DEBUG    | __main__:run_pipeline:116 - PITCH 885.0 Hz conf=0.81
2026-06-21 15:07:28.081 | DEBUG    | __main__:run_pipeline:116 - PITCH 886.1 Hz conf=0.79
2026-06-21 15:07:28.103 | DEBUG    | __main__:run_pipeline:116 - PITCH 886.1 Hz conf=0.80
2026-06-21 15:07:28.125 | DEBUG    | __main__:run_pipeline:116 - PITCH 886.1 Hz conf=0.78
2026-06-21 15:07:28.145 | DEBUG    | __main__:run_pipeline:116 - PITCH 884.9 Hz conf=0.82
2026-06-21 15:07:28.188 | DEBUG    | __main__:run_pipeline:116 - PITCH 886.1 Hz conf=0.79
2026-06-21 15:07:28.210 | DEBUG    | __main__:run_pipeline:116 - PITCH 884.8 Hz conf=0.79
2026-06-21 15:07:28.231 | DEBUG    | __main__:run_pipeline:116 - PITCH 885.0 Hz conf=0.78
2026-06-21 15:07:28.252 | DEBUG    | __main__:run_pipeline:116 - PITCH 885.0 Hz conf=0.80
2026-06-21 15:07:28.274 | DEBUG    | __main__:run_pipeline:116 - PITCH 885.0 Hz conf=0.71
2026-06-21 15:07:28.294 | DEBUG    | core.preprocessor:process:30 - [mic]  -32.2 dBFS  threshold=-40 dBFS  → VOICED  (voiced so far: 100%)
2026-06-21 15:07:28.303 | DEBUG    | analysis.rhythm_analyzer:_detect_onset_in_buffer:101 - Onset detected at t=7.111s
2026-06-21 15:07:28.303 | DEBUG    | analysis.rhythm_analyzer:_detect_onset_in_buffer:101 - Onset detected at t=7.535s
2026-06-21 15:07:28.303 | DEBUG    | analysis.rhythm_analyzer:_detect_onset_in_buffer:101 - Onset detected at t=7.924s
2026-06-21 15:07:28.303 | DEBUG    | analysis.rhythm_analyzer:_detect_onset_in_buffer:101 - Onset detected at t=7.970s
2026-06-21 15:07:28.309 | DEBUG    | __main__:run_pipeline:116 - PITCH 875.1 Hz conf=0.66
2026-06-21 15:07:28.310 | DEBUG    | synthesis.harmony_engine:_infer_key:199 - Key updated: root=9, scale=[0, 2, 4, 5, 7, 9, 11]
2026-06-21 15:07:28.915 | DEBUG    | __main__:run_pipeline:116 - PITCH 873.9 Hz conf=0.35
2026-06-21 15:07:29.297 | DEBUG    | core.preprocessor:process:30 - [mic]  -31.1 dBFS  threshold=-40 dBFS  → VOICED  (voiced so far: 100%)
2026-06-21 15:07:29.314 | DEBUG    | analysis.rhythm_analyzer:_detect_onset_in_buffer:101 - Onset detected at t=8.046s
2026-06-21 15:07:29.315 | DEBUG    | analysis.rhythm_analyzer:_detect_onset_in_buffer:101 - Onset detected at t=8.766s
2026-06-21 15:07:29.726 | DEBUG    | __main__:run_pipeline:116 - PITCH 119.2 Hz conf=0.31
2026-06-21 15:07:29.768 | DEBUG    | __main__:run_pipeline:116 - PITCH 119.2 Hz conf=0.42
2026-06-21 15:07:29.959 | DEBUG    | __main__:run_pipeline:116 - PITCH 132.9 Hz conf=0.53
2026-06-21 15:07:29.980 | DEBUG    | __main__:run_pipeline:116 - PITCH 919.9 Hz conf=0.70
2026-06-21 15:07:30.001 | DEBUG    | __main__:run_pipeline:116 - PITCH 925.8 Hz conf=0.73
2026-06-21 15:07:30.045 | DEBUG    | __main__:run_pipeline:116 - PITCH 925.8 Hz conf=0.74
2026-06-21 15:07:30.065 | DEBUG    | __main__:run_pipeline:116 - PITCH 940.3 Hz conf=0.72
2026-06-21 15:07:30.086 | DEBUG    | __main__:run_pipeline:116 - PITCH 940.3 Hz conf=0.77
2026-06-21 15:07:30.108 | DEBUG    | __main__:run_pipeline:116 - PITCH 938.3 Hz conf=0.75
2026-06-21 15:07:30.129 | DEBUG    | __main__:run_pipeline:116 - PITCH 938.0 Hz conf=0.71
2026-06-21 15:07:30.151 | DEBUG    | __main__:run_pipeline:116 - PITCH 938.3 Hz conf=0.55
2026-06-21 15:07:30.172 | DEBUG    | __main__:run_pipeline:116 - PITCH 929.4 Hz conf=0.59
2026-06-21 15:07:30.300 | DEBUG    | core.preprocessor:process:30 - [mic]  -32.6 dBFS  threshold=-40 dBFS  → VOICED  (voiced so far: 100%)
2026-06-21 15:07:30.330 | DEBUG    | analysis.rhythm_analyzer:_detect_onset_in_buffer:101 - Onset detected at t=9.160s
2026-06-21 15:07:30.330 | DEBUG    | analysis.rhythm_analyzer:_detect_onset_in_buffer:101 - Onset detected at t=9.607s
2026-06-21 15:07:30.330 | DEBUG    | analysis.rhythm_analyzer:_detect_onset_in_buffer:101 - Onset detected at t=9.776s
2026-06-21 15:07:30.330 | DEBUG    | analysis.rhythm_analyzer:_detect_onset_in_buffer:101 - Onset detected at t=9.839s
2026-06-21 15:07:30.330 | DEBUG    | analysis.rhythm_analyzer:_detect_onset_in_buffer:101 - Onset detected at t=9.921s
2026-06-21 15:07:31.281 | DEBUG    | core.preprocessor:process:30 - [mic]  -32.6 dBFS  threshold=-40 dBFS  → VOICED  (voiced so far: 100%)
2026-06-21 15:07:31.287 | DEBUG    | analysis.rhythm_analyzer:_detect_onset_in_buffer:101 - Onset detected at t=10.513s
2026-06-21 15:07:32.284 | DEBUG    | core.preprocessor:process:30 - [mic]  -32.5 dBFS  threshold=-40 dBFS  → VOICED  (voiced so far: 100%)
2026-06-21 15:07:32.312 | DEBUG    | analysis.rhythm_analyzer:_detect_onset_in_buffer:101 - Onset detected at t=10.948s
2026-06-21 15:07:32.313 | DEBUG    | analysis.rhythm_analyzer:_detect_onset_in_buffer:101 - Onset detected at t=11.047s
2026-06-21 15:07:32.313 | DEBUG    | analysis.rhythm_analyzer:_detect_onset_in_buffer:101 - Onset detected at t=11.505s
2026-06-21 15:07:32.313 | DEBUG    | analysis.rhythm_analyzer:_detect_onset_in_buffer:101 - Onset detected at t=11.918s
2026-06-21 15:07:32.313 | DEBUG    | analysis.rhythm_analyzer:_detect_onset_in_buffer:101 - Onset detected at t=11.952s
2026-06-21 15:07:32.435 | DEBUG    | __main__:run_pipeline:116 - PITCH 929.4 Hz conf=0.44
2026-06-21 15:07:32.456 | DEBUG    | __main__:run_pipeline:116 - PITCH 436.0 Hz conf=0.57
2026-06-21 15:07:32.477 | DEBUG    | __main__:run_pipeline:116 - PITCH 118.2 Hz conf=0.82
2026-06-21 15:07:32.498 | DEBUG    | __main__:run_pipeline:116 - PITCH 118.2 Hz conf=0.34
2026-06-21 15:07:32.520 | DEBUG    | __main__:run_pipeline:116 - PITCH 239.5 Hz conf=0.41
2026-06-21 15:07:32.605 | DEBUG    | __main__:run_pipeline:116 - PITCH 287.5 Hz conf=0.49
2026-06-21 15:07:32.626 | DEBUG    | __main__:run_pipeline:116 - PITCH 400.6 Hz conf=0.71
2026-06-21 15:07:32.669 | DEBUG    | __main__:run_pipeline:116 - PITCH 400.6 Hz conf=0.85
2026-06-21 15:07:32.690 | DEBUG    | __main__:run_pipeline:116 - PITCH 395.4 Hz conf=0.80
2026-06-21 15:07:32.711 | DEBUG    | __main__:run_pipeline:116 - PITCH 392.2 Hz conf=0.47
2026-06-21 15:07:32.732 | DEBUG    | __main__:run_pipeline:116 - PITCH 387.1 Hz conf=0.43
2026-06-21 15:07:32.882 | DEBUG    | __main__:run_pipeline:116 - PITCH 387.1 Hz conf=0.77
2026-06-21 15:07:32.925 | DEBUG    | __main__:run_pipeline:116 - PITCH 407.7 Hz conf=0.58
2026-06-21 15:07:32.946 | DEBUG    | __main__:run_pipeline:116 - PITCH 407.7 Hz conf=0.34
2026-06-21 15:07:32.967 | DEBUG    | __main__:run_pipeline:116 - PITCH 401.8 Hz conf=0.74
2026-06-21 15:07:32.988 | DEBUG    | __main__:run_pipeline:116 - PITCH 140.2 Hz conf=0.63
2026-06-21 15:07:33.010 | DEBUG    | __main__:run_pipeline:116 - PITCH 140.2 Hz conf=0.30
2026-06-21 15:07:33.052 | DEBUG    | __main__:run_pipeline:116 - PITCH 202.3 Hz conf=0.74
2026-06-21 15:07:33.074 | DEBUG    | __main__:run_pipeline:116 - PITCH 402.1 Hz conf=0.77
2026-06-21 15:07:33.095 | DEBUG    | __main__:run_pipeline:116 - PITCH 447.4 Hz conf=0.78
2026-06-21 15:07:33.116 | DEBUG    | __main__:run_pipeline:116 - PITCH 447.4 Hz conf=0.69
2026-06-21 15:07:33.137 | DEBUG    | __main__:run_pipeline:116 - PITCH 430.4 Hz conf=0.59
2026-06-21 15:07:33.180 | DEBUG    | __main__:run_pipeline:116 - PITCH 415.1 Hz conf=0.66
2026-06-21 15:07:33.202 | DEBUG    | __main__:run_pipeline:116 - PITCH 411.2 Hz conf=0.59
2026-06-21 15:07:33.224 | DEBUG    | __main__:run_pipeline:116 - PITCH 399.5 Hz conf=0.41
2026-06-21 15:07:33.245 | DEBUG    | __main__:run_pipeline:116 - PITCH 395.5 Hz conf=0.46
2026-06-21 15:07:33.266 | DEBUG    | __main__:run_pipeline:116 - PITCH 239.1 Hz conf=0.55
2026-06-21 15:07:33.272 | DEBUG    | output.timing_sync:schedule:53 - Playback queue full — dropping stale audio chunk
2026-06-21 15:07:33.286 | DEBUG    | core.preprocessor:process:30 - [mic]  -32.6 dBFS  threshold=-40 dBFS  → VOICED  (voiced so far: 100%)
2026-06-21 15:07:33.311 | DEBUG    | analysis.rhythm_analyzer:_detect_onset_in_buffer:101 - Onset detected at t=12.098s
2026-06-21 15:07:33.312 | DEBUG    | analysis.rhythm_analyzer:_detect_onset_in_buffer:101 - Onset detected at t=12.260s
2026-06-21 15:07:33.312 | DEBUG    | analysis.rhythm_analyzer:_detect_onset_in_buffer:101 - Onset detected at t=12.295s
2026-06-21 15:07:33.312 | DEBUG    | analysis.rhythm_analyzer:_detect_onset_in_buffer:101 - Onset detected at t=12.423s
2026-06-21 15:07:33.312 | DEBUG    | analysis.rhythm_analyzer:_detect_onset_in_buffer:101 - Onset detected at t=12.701s
2026-06-21 15:07:33.312 | DEBUG    | analysis.rhythm_analyzer:_detect_onset_in_buffer:101 - Onset detected at t=12.812s
2026-06-21 15:07:33.313 | DEBUG    | __main__:run_pipeline:116 - PITCH 233.5 Hz conf=0.34
2026-06-21 15:07:33.332 | DEBUG    | __main__:run_pipeline:116 - PITCH 226.5 Hz conf=0.34
2026-06-21 15:07:34.290 | DEBUG    | core.preprocessor:process:30 - [mic]  -32.7 dBFS  threshold=-40 dBFS  → VOICED  (voiced so far: 100%)
2026-06-21 15:07:34.303 | DEBUG    | analysis.rhythm_analyzer:_detect_onset_in_buffer:101 - Onset detected at t=13.021s
2026-06-21 15:07:34.303 | DEBUG    | analysis.rhythm_analyzer:_detect_onset_in_buffer:101 - Onset detected at t=13.131s
2026-06-21 15:07:34.303 | DEBUG    | analysis.rhythm_analyzer:_detect_onset_in_buffer:101 - Onset detected at t=13.230s
2026-06-21 15:07:34.304 | DEBUG    | analysis.rhythm_analyzer:_detect_onset_in_buffer:101 - Onset detected at t=13.293s
2026-06-21 15:07:34.304 | DEBUG    | analysis.rhythm_analyzer:_detect_onset_in_buffer:101 - Onset detected at t=13.386s
2026-06-21 15:07:34.304 | DEBUG    | analysis.rhythm_analyzer:_detect_onset_in_buffer:101 - Onset detected at t=13.560s
2026-06-21 15:07:34.304 | DEBUG    | analysis.rhythm_analyzer:_detect_onset_in_buffer:101 - Onset detected at t=13.624s
2026-06-21 15:07:34.304 | DEBUG    | analysis.rhythm_analyzer:_detect_onset_in_buffer:101 - Onset detected at t=13.694s
2026-06-21 15:07:34.304 | DEBUG    | analysis.rhythm_analyzer:_detect_onset_in_buffer:101 - Onset detected at t=13.781s
2026-06-21 15:07:34.304 | DEBUG    | analysis.rhythm_analyzer:_detect_onset_in_buffer:101 - Onset detected at t=13.851s
2026-06-21 15:07:34.304 | DEBUG    | analysis.rhythm_analyzer:_detect_onset_in_buffer:101 - Onset detected at t=13.926s
2026-06-21 15:07:34.304 | DEBUG    | analysis.rhythm_analyzer:_detect_onset_in_buffer:101 - Onset detected at t=13.973s
2026-06-21 15:07:34.526 | DEBUG    | __main__:run_pipeline:116 - PITCH 209.7 Hz conf=0.35
2026-06-21 15:07:34.528 | DEBUG    | synthesis.harmony_engine:_infer_key:199 - Key updated: root=7, scale=[0, 2, 3, 5, 7, 8, 10]
2026-06-21 15:07:34.568 | DEBUG    | __main__:run_pipeline:116 - PITCH 104.1 Hz conf=0.34
2026-06-21 15:07:34.973 | DEBUG    | __main__:run_pipeline:116 - PITCH 100.7 Hz conf=0.50
2026-06-21 15:07:35.207 | DEBUG    | __main__:run_pipeline:116 - PITCH 100.7 Hz conf=0.50
2026-06-21 15:07:35.228 | DEBUG    | __main__:run_pipeline:116 - PITCH 116.0 Hz conf=0.45
2026-06-21 15:07:35.250 | DEBUG    | __main__:run_pipeline:116 - PITCH 303.5 Hz conf=0.32
2026-06-21 15:07:35.292 | DEBUG    | core.preprocessor:process:30 - [mic]  -32.6 dBFS  threshold=-40 dBFS  → VOICED  (voiced so far: 100%)
2026-06-21 15:07:35.298 | DEBUG    | analysis.rhythm_analyzer:_detect_onset_in_buffer:101 - Onset detected at t=14.042s
2026-06-21 15:07:35.298 | DEBUG    | analysis.rhythm_analyzer:_detect_onset_in_buffer:101 - Onset detected at t=14.135s
2026-06-21 15:07:35.298 | DEBUG    | analysis.rhythm_analyzer:_detect_onset_in_buffer:101 - Onset detected at t=14.298s
2026-06-21 15:07:35.298 | DEBUG    | analysis.rhythm_analyzer:_detect_onset_in_buffer:101 - Onset detected at t=14.472s
2026-06-21 15:07:35.299 | DEBUG    | analysis.rhythm_analyzer:_detect_onset_in_buffer:101 - Onset detected at t=14.530s
2026-06-21 15:07:35.299 | DEBUG    | analysis.rhythm_analyzer:_detect_onset_in_buffer:101 - Onset detected at t=14.646s
2026-06-21 15:07:35.299 | DEBUG    | analysis.rhythm_analyzer:_detect_onset_in_buffer:101 - Onset detected at t=14.692s
2026-06-21 15:07:35.299 | DEBUG    | analysis.rhythm_analyzer:_detect_onset_in_buffer:101 - Onset detected at t=14.739s
2026-06-21 15:07:35.299 | DEBUG    | analysis.rhythm_analyzer:_detect_onset_in_buffer:101 - Onset detected at t=14.809s
2026-06-21 15:07:35.299 | DEBUG    | analysis.rhythm_analyzer:_detect_onset_in_buffer:101 - Onset detected at t=14.843s
2026-06-21 15:07:35.300 | DEBUG    | __main__:run_pipeline:116 - PITCH 117.5 Hz conf=0.68
2026-06-21 15:07:35.319 | DEBUG    | __main__:run_pipeline:116 - PITCH 303.5 Hz conf=0.43
2026-06-21 15:07:35.335 | DEBUG    | __main__:run_pipeline:116 - PITCH 193.2 Hz conf=0.43
2026-06-21 15:07:35.357 | DEBUG    | __main__:run_pipeline:116 - PITCH 193.2 Hz conf=0.65
2026-06-21 15:07:35.378 | DEBUG    | __main__:run_pipeline:116 - PITCH 193.2 Hz conf=0.35
2026-06-21 15:07:35.399 | DEBUG    | __main__:run_pipeline:116 - PITCH 338.2 Hz conf=0.31
2026-06-21 15:07:35.441 | DEBUG    | __main__:run_pipeline:116 - PITCH 361.4 Hz conf=0.32
2026-06-21 15:07:35.463 | DEBUG    | __main__:run_pipeline:116 - PITCH 361.4 Hz conf=0.86
2026-06-21 15:07:35.485 | DEBUG    | __main__:run_pipeline:116 - PITCH 119.7 Hz conf=0.70
2026-06-21 15:07:35.506 | DEBUG    | __main__:run_pipeline:116 - PITCH 119.7 Hz conf=0.37
2026-06-21 15:07:35.549 | DEBUG    | __main__:run_pipeline:116 - PITCH 119.2 Hz conf=0.57
2026-06-21 15:07:35.570 | DEBUG    | __main__:run_pipeline:116 - PITCH 263.3 Hz conf=0.41
2026-06-21 15:07:35.591 | DEBUG    | __main__:run_pipeline:116 - PITCH 324.5 Hz conf=0.40
2026-06-21 15:07:35.655 | DEBUG    | __main__:run_pipeline:116 - PITCH 341.1 Hz conf=0.71
2026-06-21 15:07:35.676 | DEBUG    | __main__:run_pipeline:116 - PITCH 341.1 Hz conf=0.73
2026-06-21 15:07:35.698 | DEBUG    | __main__:run_pipeline:116 - PITCH 346.4 Hz conf=0.64
2026-06-21 15:07:35.719 | DEBUG    | __main__:run_pipeline:116 - PITCH 341.9 Hz conf=0.45
2026-06-21 15:07:35.826 | DEBUG    | __main__:run_pipeline:116 - PITCH 341.9 Hz conf=0.46
2026-06-21 15:07:35.847 | DEBUG    | __main__:run_pipeline:116 - PITCH 335.4 Hz conf=0.72
2026-06-21 15:07:35.868 | DEBUG    | __main__:run_pipeline:116 - PITCH 330.3 Hz conf=0.54
2026-06-21 15:07:35.890 | DEBUG    | __main__:run_pipeline:116 - PITCH 330.3 Hz conf=0.32
2026-06-21 15:07:35.976 | DEBUG    | __main__:run_pipeline:116 - PITCH 329.2 Hz conf=0.49
2026-06-21 15:07:35.997 | DEBUG    | __main__:run_pipeline:116 - PITCH 327.8 Hz conf=0.47
2026-06-21 15:07:36.018 | DEBUG    | __main__:run_pipeline:116 - PITCH 310.5 Hz conf=0.53
2026-06-21 15:07:36.103 | DEBUG    | __main__:run_pipeline:116 - PITCH 315.4 Hz conf=0.77
2026-06-21 15:07:36.125 | DEBUG    | __main__:run_pipeline:116 - PITCH 315.4 Hz conf=0.75
2026-06-21 15:07:36.146 | DEBUG    | __main__:run_pipeline:116 - PITCH 315.4 Hz conf=0.58
2026-06-21 15:07:36.167 | DEBUG    | __main__:run_pipeline:116 - PITCH 286.4 Hz conf=0.48
2026-06-21 15:07:36.188 | DEBUG    | __main__:run_pipeline:116 - PITCH 103.7 Hz conf=0.42
2026-06-21 15:07:36.273 | DEBUG    | core.preprocessor:process:30 - [mic]  -32.8 dBFS  threshold=-40 dBFS  → VOICED  (voiced so far: 100%)
2026-06-21 15:07:36.290 | DEBUG    | analysis.rhythm_analyzer:_detect_onset_in_buffer:101 - Onset detected at t=15.314s
2026-06-21 15:07:36.290 | DEBUG    | analysis.rhythm_analyzer:_detect_onset_in_buffer:101 - Onset detected at t=15.389s
2026-06-21 15:07:36.290 | DEBUG    | analysis.rhythm_analyzer:_detect_onset_in_buffer:101 - Onset detected at t=15.714s
2026-06-21 15:07:36.290 | DEBUG    | analysis.rhythm_analyzer:_detect_onset_in_buffer:101 - Onset detected at t=15.917s
2026-06-21 15:07:37.191 | DEBUG    | __main__:run_pipeline:116 - PITCH 286.4 Hz conf=0.63
2026-06-21 15:07:37.212 | DEBUG    | __main__:run_pipeline:116 - PITCH 331.7 Hz conf=0.43
2026-06-21 15:07:37.276 | DEBUG    | core.preprocessor:process:30 - [mic]  -32.7 dBFS  threshold=-40 dBFS  → VOICED  (voiced so far: 100%)
2026-06-21 15:07:37.306 | DEBUG    | analysis.rhythm_analyzer:_detect_onset_in_buffer:101 - Onset detected at t=15.981s
2026-06-21 15:07:37.306 | DEBUG    | analysis.rhythm_analyzer:_detect_onset_in_buffer:101 - Onset detected at t=16.086s
2026-06-21 15:07:37.306 | DEBUG    | analysis.rhythm_analyzer:_detect_onset_in_buffer:101 - Onset detected at t=16.405s
2026-06-21 15:07:37.306 | DEBUG    | analysis.rhythm_analyzer:_detect_onset_in_buffer:101 - Onset detected at t=16.608s
2026-06-21 15:07:37.306 | DEBUG    | analysis.rhythm_analyzer:_detect_onset_in_buffer:101 - Onset detected at t=16.759s
2026-06-21 15:07:37.306 | DEBUG    | analysis.rhythm_analyzer:_detect_onset_in_buffer:101 - Onset detected at t=16.974s
2026-06-21 15:07:37.314 | DEBUG    | __main__:run_pipeline:116 - PITCH 341.1 Hz conf=0.42
2026-06-21 15:07:37.335 | DEBUG    | __main__:run_pipeline:116 - PITCH 341.1 Hz conf=0.58
2026-06-21 15:07:37.490 | DEBUG    | __main__:run_pipeline:116 - PITCH 342.7 Hz conf=0.44
2026-06-21 15:07:37.767 | DEBUG    | __main__:run_pipeline:116 - PITCH 331.4 Hz conf=0.77
2026-06-21 15:07:37.789 | DEBUG    | __main__:run_pipeline:116 - PITCH 246.8 Hz conf=0.66
2026-06-21 15:07:37.853 | DEBUG    | __main__:run_pipeline:116 - PITCH 246.8 Hz conf=0.54
2026-06-21 15:07:37.874 | DEBUG    | __main__:run_pipeline:116 - PITCH 330.3 Hz conf=0.86
2026-06-21 15:07:37.875 | DEBUG    | synthesis.harmony_engine:_infer_key:199 - Key updated: root=10, scale=[0, 2, 4, 5, 7, 9, 11]
2026-06-21 15:07:38.024 | DEBUG    | __main__:run_pipeline:116 - PITCH 330.3 Hz conf=0.31
2026-06-21 15:07:38.044 | DEBUG    | __main__:run_pipeline:116 - PITCH 333.4 Hz conf=0.68
2026-06-21 15:07:38.066 | DEBUG    | __main__:run_pipeline:116 - PITCH 330.3 Hz conf=0.77
2026-06-21 15:07:38.087 | DEBUG    | __main__:run_pipeline:116 - PITCH 332.5 Hz conf=0.71
2026-06-21 15:07:38.109 | DEBUG    | __main__:run_pipeline:116 - PITCH 332.5 Hz conf=0.53
2026-06-21 15:07:38.129 | DEBUG    | __main__:run_pipeline:116 - PITCH 335.1 Hz conf=0.49
2026-06-21 15:07:38.173 | DEBUG    | __main__:run_pipeline:116 - PITCH 335.1 Hz conf=0.80
2026-06-21 15:07:38.194 | DEBUG    | __main__:run_pipeline:116 - PITCH 354.1 Hz conf=0.38
2026-06-21 15:07:38.237 | DEBUG    | __main__:run_pipeline:116 - PITCH 322.0 Hz conf=0.32
2026-06-21 15:07:38.278 | DEBUG    | core.preprocessor:process:30 - [mic]  -32.7 dBFS  threshold=-40 dBFS  → VOICED  (voiced so far: 100%)
2026-06-21 15:07:38.295 | DEBUG    | analysis.rhythm_analyzer:_detect_onset_in_buffer:101 - Onset detected at t=17.096s
2026-06-21 15:07:38.296 | DEBUG    | analysis.rhythm_analyzer:_detect_onset_in_buffer:101 - Onset detected at t=17.165s
2026-06-21 15:07:38.296 | DEBUG    | analysis.rhythm_analyzer:_detect_onset_in_buffer:101 - Onset detected at t=17.293s
2026-06-21 15:07:38.296 | DEBUG    | analysis.rhythm_analyzer:_detect_onset_in_buffer:101 - Onset detected at t=17.473s
2026-06-21 15:07:38.296 | DEBUG    | analysis.rhythm_analyzer:_detect_onset_in_buffer:101 - Onset detected at t=17.572s
2026-06-21 15:07:38.296 | DEBUG    | analysis.rhythm_analyzer:_detect_onset_in_buffer:101 - Onset detected at t=17.636s
2026-06-21 15:07:38.296 | DEBUG    | analysis.rhythm_analyzer:_detect_onset_in_buffer:101 - Onset detected at t=17.694s
2026-06-21 15:07:38.304 | DEBUG    | __main__:run_pipeline:116 - PITCH 324.3 Hz conf=0.33
2026-06-21 15:07:38.322 | DEBUG    | __main__:run_pipeline:116 - PITCH 307.8 Hz conf=0.54
2026-06-21 15:07:38.343 | DEBUG    | __main__:run_pipeline:116 - PITCH 309.4 Hz conf=0.43
2026-06-21 15:07:38.493 | DEBUG    | __main__:run_pipeline:116 - PITCH 309.4 Hz conf=0.41
2026-06-21 15:07:38.514 | DEBUG    | __main__:run_pipeline:116 - PITCH 309.4 Hz conf=0.58
2026-06-21 15:07:38.536 | DEBUG    | __main__:run_pipeline:116 - PITCH 313.9 Hz conf=0.35
2026-06-21 15:07:38.557 | DEBUG    | __main__:run_pipeline:116 - PITCH 319.8 Hz conf=0.44
2026-06-21 15:07:38.578 | DEBUG    | __main__:run_pipeline:116 - PITCH 319.8 Hz conf=0.62
2026-06-21 15:07:38.599 | DEBUG    | __main__:run_pipeline:116 - PITCH 97.4 Hz conf=0.72
2026-06-21 15:07:38.621 | DEBUG    | __main__:run_pipeline:116 - PITCH 97.1 Hz conf=0.75
2026-06-21 15:07:38.856 | DEBUG    | __main__:run_pipeline:116 - PITCH 97.1 Hz conf=0.32
2026-06-21 15:07:39.281 | DEBUG    | core.preprocessor:process:30 - [mic]  -32.6 dBFS  threshold=-40 dBFS  → VOICED  (voiced so far: 100%)
2026-06-21 15:07:39.309 | DEBUG    | analysis.rhythm_analyzer:_detect_onset_in_buffer:101 - Onset detected at t=18.152s
2026-06-21 15:07:39.309 | DEBUG    | analysis.rhythm_analyzer:_detect_onset_in_buffer:101 - Onset detected at t=18.907s
2026-06-21 15:07:39.325 | DEBUG    | __main__:run_pipeline:116 - PITCH 101.6 Hz conf=0.37
2026-06-21 15:07:39.346 | DEBUG    | __main__:run_pipeline:116 - PITCH 121.9 Hz conf=0.32
2026-06-21 15:07:40.284 | DEBUG    | core.preprocessor:process:30 - [mic]  -32.8 dBFS  threshold=-40 dBFS  → VOICED  (voiced so far: 100%)
2026-06-21 15:07:40.297 | DEBUG    | analysis.rhythm_analyzer:_detect_onset_in_buffer:101 - Onset detected at t=19.313s
2026-06-21 15:07:40.297 | DEBUG    | analysis.rhythm_analyzer:_detect_onset_in_buffer:101 - Onset detected at t=19.418s
2026-06-21 15:07:40.297 | DEBUG    | analysis.rhythm_analyzer:_detect_onset_in_buffer:101 - Onset detected at t=19.958s
2026-06-21 15:07:41.074 | DEBUG    | __main__:run_pipeline:116 - PITCH 127.5 Hz conf=0.38
2026-06-21 15:07:41.265 | DEBUG    | core.preprocessor:process:30 - [mic]  -32.7 dBFS  threshold=-40 dBFS  → VOICED  (voiced so far: 100%)
2026-06-21 15:07:41.271 | DEBUG    | analysis.rhythm_analyzer:_detect_onset_in_buffer:101 - Onset detected at t=20.062s
2026-06-21 15:07:41.271 | DEBUG    | analysis.rhythm_analyzer:_detect_onset_in_buffer:101 - Onset detected at t=20.712s
2026-06-21 15:07:41.271 | DEBUG    | analysis.rhythm_analyzer:_detect_onset_in_buffer:101 - Onset detected at t=20.759s
2026-06-21 15:07:41.271 | DEBUG    | analysis.rhythm_analyzer:_detect_onset_in_buffer:101 - Onset detected at t=20.852s
2026-06-21 15:07:41.271 | DEBUG    | analysis.rhythm_analyzer:_detect_onset_in_buffer:101 - Onset detected at t=20.962s
2026-06-21 15:07:41.437 | DEBUG    | __main__:run_pipeline:116 - PITCH 127.5 Hz conf=0.33
2026-06-21 15:07:42.268 | DEBUG    | core.preprocessor:process:30 - [mic]  -32.7 dBFS  threshold=-40 dBFS  → VOICED  (voiced so far: 100%)
2026-06-21 15:07:42.278 | DEBUG    | analysis.rhythm_analyzer:_detect_onset_in_buffer:101 - Onset detected at t=21.072s
2026-06-21 15:07:42.278 | DEBUG    | analysis.rhythm_analyzer:_detect_onset_in_buffer:101 - Onset detected at t=21.177s
2026-06-21 15:07:42.278 | DEBUG    | analysis.rhythm_analyzer:_detect_onset_in_buffer:101 - Onset detected at t=21.287s
2026-06-21 15:07:42.278 | DEBUG    | analysis.rhythm_analyzer:_detect_onset_in_buffer:101 - Onset detected at t=21.403s
2026-06-21 15:07:42.278 | DEBUG    | analysis.rhythm_analyzer:_detect_onset_in_buffer:101 - Onset detected at t=21.658s
2026-06-21 15:07:42.278 | DEBUG    | analysis.rhythm_analyzer:_detect_onset_in_buffer:101 - Onset detected at t=21.792s
2026-06-21 15:07:42.278 | DEBUG    | analysis.rhythm_analyzer:_detect_onset_in_buffer:101 - Onset detected at t=21.862s
2026-06-21 15:07:43.271 | DEBUG    | core.preprocessor:process:30 - [mic]  -32.6 dBFS  threshold=-40 dBFS  → VOICED  (voiced so far: 100%)
2026-06-21 15:07:43.278 | DEBUG    | analysis.rhythm_analyzer:_detect_onset_in_buffer:101 - Onset detected at t=22.639s
2026-06-21 15:07:43.278 | DEBUG    | analysis.rhythm_analyzer:_detect_onset_in_buffer:101 - Onset detected at t=22.930s
