2026-05-31 08:50:33.965 | INFO     | __main__:main:52 - ============================================================
2026-05-31 08:50:33.965 | INFO     | __main__:main:53 -   Archer-Robot Vocal Collaboration System
2026-05-31 08:50:33.965 | INFO     | __main__:main:54 - ============================================================
2026-05-31 08:50:33.980 | INFO     | config.config_loader:get_config:23 - Config loaded from /home/harsh-upadhyay/Documents/CS Projects/Archer Robot/Archer-Robot-Vocal-Collaboration-System/config/config.yaml
2026-05-31 08:50:33.980 | INFO     | __main__:main:63 - Synthesis engine : sinusoidal
2026-05-31 08:50:33.980 | INFO     | __main__:main:64 - Pitch engine     : pyin
2026-05-31 08:50:33.981 | INFO     | __main__:main:65 - Cree tokenizer   : disabled
2026-05-31 08:50:33.981 | INFO     | __main__:main:66 - ------------------------------------------------------------
2026-05-31 08:50:34.778 | INFO     | core.pipeline:__init__:22 - Initializing Archer-Robot Vocal Collaboration pipeline
2026-05-31 08:50:34.778 | INFO     | analysis.pitch_detector:__init__:17 - Pitch engine: pYIN
2026-05-31 08:50:34.779 | INFO     | analysis.cree_tokenizer:__init__:48 - Cree tokenizer disabled — running in neutral mode
2026-05-31 08:50:34.779 | INFO     | synthesis.vocable_synthesizer:_init_engine:44 - Vocable synthesizer engine: sinusoidal
2026-05-31 08:50:34.779 | INFO     | core.pipeline:__init__:38 - Pipeline initialized, all modules ready!
2026-05-31 08:50:34.779 | INFO     | __main__:main:75 - Starting pipeline!
2026-05-31 08:50:34.779 | INFO     | output.timing_sync:start:31 - TimingSync playback thread started
2026-05-31 08:50:34.779 | INFO     | core.audio_capture:start:41 - Opening audio stream: device=default, rate=44100Hz, frame=1024 samples
2026-05-31 08:50:34.789 | INFO     | core.audio_capture:start:58 - Audio capture started
2026-05-31 08:50:34.789 | INFO     | core.pipeline:start:49 - Pipeline running, Archer can sing now
2026-05-31 08:50:41.020 | INFO     | core.pipeline:start:54 - KeyboardInterrupt stopping pipeline
2026-05-31 08:50:41.023 | INFO     | core.audio_capture:stop:67 - Audio capture stopped
2026-05-31 08:50:41.046 | INFO     | output.timing_sync:stop:37 - TimingSync stopped
2026-05-31 08:50:41.046 | INFO     | core.pipeline:stop:65 - Pipeline stopped after 6.3s, 266 frames processed
