2026-06-20 13:32:01.988 | INFO     | __main__:main:53 - ============================================================
2026-06-20 13:32:01.988 | INFO     | __main__:main:54 -   Archer-Robot Vocal Collaboration System
2026-06-20 13:32:01.988 | INFO     | __main__:main:55 - ============================================================
2026-06-20 13:32:02.008 | INFO     | config.config_loader:get_config:23 - Config loaded from /home/harsh-upadhyay/Documents/CS Projects/Archer Robot/Archer-Robot-Vocal-Collaboration-System/config/config.yaml
2026-06-20 13:32:02.009 | INFO     | __main__:main:64 - Synthesis engine : sinusoidal
2026-06-20 13:32:02.009 | INFO     | __main__:main:65 - Pitch engine     : pyin
2026-06-20 13:32:02.010 | INFO     | __main__:main:66 - Cree tokenizer   : disabled
2026-06-20 13:32:02.010 | INFO     | __main__:main:67 - ------------------------------------------------------------
2026-06-20 13:32:02.859 | INFO     | core.pipeline:__init__:21 - Initializing Archer-Robot Vocal Collaboration pipeline
2026-06-20 13:32:02.860 | INFO     | analysis.pitch_detector:__init__:29 - Pitch engine: pYIN  (accumulate=8 frames ≈ 186 ms, fmin=80 Hz, fmax=1200 Hz)
2026-06-20 13:32:02.860 | INFO     | analysis.cree_tokenizer:__init__:49 - Cree tokenizer disabled — running in neutral mode
2026-06-20 13:32:02.860 | INFO     | synthesis.vocable_synthesizer:_init_engine:44 - Vocable synthesizer engine: sinusoidal
2026-06-20 13:32:02.860 | INFO     | core.pipeline:__init__:40 - Pipeline initialized, all modules ready!
2026-06-20 13:32:02.860 | INFO     | __main__:main:76 - Starting pipeline!
2026-06-20 13:32:02.860 | INFO     | output.timing_sync:start:31 - TimingSync playback thread started
2026-06-20 13:32:02.860 | INFO     | core.audio_capture:start:41 - Opening audio stream: device=3, rate=44100Hz, frame=1024 samples
2026-06-20 13:32:02.864 | INFO     | core.audio_capture:start:58 - Audio capture started
2026-06-20 13:32:02.864 | INFO     | core.pipeline:start:51 - Pipeline running, Archer can sing now
2026-06-20 13:32:03.678 | DEBUG    | analysis.rhythm_analyzer:_update_phrase_state:75 - Phrase ended at t=0.81s
2026-06-20 13:32:17.067 | INFO     | core.pipeline:start:56 - KeyboardInterrupt — stopping pipeline
2026-06-20 13:32:17.099 | INFO     | core.audio_capture:stop:67 - Audio capture stopped
2026-06-20 13:32:17.104 | INFO     | output.timing_sync:stop:37 - TimingSync stopped
2026-06-20 13:32:17.104 | INFO     | core.pipeline:stop:66 - Pipeline stopped after 14.2s, 611 frames processed
