2026-06-07 10:56:02.805 | INFO     | __main__:main:52 - ============================================================
2026-06-07 10:56:02.806 | INFO     | __main__:main:53 -   Archer-Robot Vocal Collaboration System
2026-06-07 10:56:02.806 | INFO     | __main__:main:54 - ============================================================
2026-06-07 10:56:02.825 | INFO     | config.config_loader:get_config:23 - Config loaded from /home/harsh-upadhyay/Documents/CS Projects/Archer Robot/Archer-Robot-Vocal-Collaboration-System/config/config.yaml
2026-06-07 10:56:02.825 | INFO     | __main__:main:63 - Synthesis engine : sinusoidal
2026-06-07 10:56:02.825 | INFO     | __main__:main:64 - Pitch engine     : pyin
2026-06-07 10:56:02.825 | INFO     | __main__:main:65 - Cree tokenizer   : disabled
2026-06-07 10:56:02.825 | INFO     | __main__:main:66 - ------------------------------------------------------------
2026-06-07 10:56:03.751 | INFO     | core.pipeline:__init__:22 - Initializing Archer-Robot Vocal Collaboration pipeline
2026-06-07 10:56:03.751 | INFO     | analysis.pitch_detector:__init__:17 - Pitch engine: pYIN
2026-06-07 10:56:03.751 | INFO     | analysis.cree_tokenizer:__init__:48 - Cree tokenizer disabled — running in neutral mode
2026-06-07 10:56:03.751 | INFO     | synthesis.vocable_synthesizer:_init_engine:44 - Vocable synthesizer engine: sinusoidal
2026-06-07 10:56:03.751 | INFO     | core.pipeline:__init__:38 - Pipeline initialized, all modules ready!
2026-06-07 10:56:03.751 | INFO     | __main__:main:75 - Starting pipeline!
2026-06-07 10:56:03.752 | INFO     | output.timing_sync:start:31 - TimingSync playback thread started
2026-06-07 10:56:03.752 | INFO     | core.audio_capture:start:41 - Opening audio stream: device=default, rate=44100Hz, frame=1024 samples
2026-06-07 10:56:03.760 | INFO     | core.audio_capture:start:58 - Audio capture started
2026-06-07 10:56:03.760 | INFO     | core.pipeline:start:49 - Pipeline running, Archer can sing now
2026-06-07 10:56:04.546 | DEBUG    | analysis.rhythm_analyzer:_detect_onset_in_buffer:90 - Onset detected at t=0.087s
2026-06-07 10:56:05.898 | DEBUG    | analysis.rhythm_analyzer:_detect_onset_in_buffer:90 - Onset detected at t=0.917s
2026-06-07 10:56:06.543 | DEBUG    | analysis.rhythm_analyzer:_detect_onset_in_buffer:90 - Onset detected at t=1.295s
2026-06-07 10:56:07.599 | DEBUG    | analysis.rhythm_analyzer:_estimate_tempo:113 - Tempo updated: 143.6 BPM
2026-06-07 10:56:11.630 | DEBUG    | analysis.rhythm_analyzer:_detect_onset_in_buffer:90 - Onset detected at t=2.879s
2026-06-07 10:56:13.263 | DEBUG    | analysis.rhythm_analyzer:_detect_onset_in_buffer:90 - Onset detected at t=3.570s
2026-06-07 10:56:13.666 | DEBUG    | analysis.rhythm_analyzer:_detect_onset_in_buffer:90 - Onset detected at t=3.733s
2026-06-07 10:56:13.837 | DEBUG    | analysis.rhythm_analyzer:_detect_onset_in_buffer:90 - Onset detected at t=3.796s
2026-06-07 10:56:14.082 | DEBUG    | synthesis.harmony_engine:_infer_key:187 - Key updated: root=11, scale=[0, 2, 3, 5, 7, 8, 10]
2026-06-07 10:56:14.211 | DEBUG    | analysis.rhythm_analyzer:_detect_onset_in_buffer:90 - Onset detected at t=3.942s
2026-06-07 10:56:14.337 | DEBUG    | synthesis.harmony_engine:_infer_key:187 - Key updated: root=11, scale=[0, 2, 4, 5, 7, 9, 11]
2026-06-07 10:56:14.677 | DEBUG    | synthesis.harmony_engine:_infer_key:187 - Key updated: root=4, scale=[0, 2, 4, 5, 7, 9, 11]
2026-06-07 10:56:14.799 | DEBUG    | analysis.rhythm_analyzer:_detect_onset_in_buffer:90 - Onset detected at t=4.168s
2026-06-07 10:56:16.038 | DEBUG    | synthesis.harmony_engine:_infer_key:187 - Key updated: root=11, scale=[0, 2, 4, 5, 7, 9, 11]
2026-06-07 10:56:16.109 | DEBUG    | synthesis.harmony_engine:_infer_key:187 - Key updated: root=8, scale=[0, 2, 3, 5, 7, 8, 10]
2026-06-07 10:56:16.547 | DEBUG    | analysis.rhythm_analyzer:_detect_onset_in_buffer:90 - Onset detected at t=4.795s
2026-06-07 10:56:16.752 | DEBUG    | synthesis.harmony_engine:_infer_key:187 - Key updated: root=11, scale=[0, 2, 4, 5, 7, 9, 11]
2026-06-07 10:56:17.193 | DEBUG    | analysis.rhythm_analyzer:_detect_onset_in_buffer:90 - Onset detected at t=5.062s
2026-06-07 10:56:21.539 | DEBUG    | analysis.rhythm_analyzer:_detect_onset_in_buffer:90 - Onset detected at t=6.763s
2026-06-07 10:56:21.799 | DEBUG    | synthesis.harmony_engine:_infer_key:187 - Key updated: root=8, scale=[0, 2, 3, 5, 7, 8, 10]
2026-06-07 10:56:22.719 | DEBUG    | analysis.rhythm_analyzer:_detect_onset_in_buffer:90 - Onset detected at t=7.245s
2026-06-07 10:56:22.972 | DEBUG    | synthesis.harmony_engine:_infer_key:187 - Key updated: root=11, scale=[0, 2, 4, 5, 7, 9, 11]
2026-06-07 10:56:24.076 | DEBUG    | analysis.rhythm_analyzer:_detect_onset_in_buffer:90 - Onset detected at t=7.726s
2026-06-07 10:56:25.334 | DEBUG    | analysis.rhythm_analyzer:_detect_onset_in_buffer:90 - Onset detected at t=8.202s
2026-06-07 10:56:25.451 | DEBUG    | synthesis.harmony_engine:_infer_key:187 - Key updated: root=8, scale=[0, 2, 3, 5, 7, 8, 10]
2026-06-07 10:56:25.570 | DEBUG    | synthesis.harmony_engine:_infer_key:187 - Key updated: root=4, scale=[0, 2, 4, 5, 7, 9, 11]
2026-06-07 10:56:26.657 | DEBUG    | analysis.rhythm_analyzer:_detect_onset_in_buffer:90 - Onset detected at t=8.684s
2026-06-07 10:56:27.895 | DEBUG    | analysis.rhythm_analyzer:_detect_onset_in_buffer:90 - Onset detected at t=9.172s
2026-06-07 10:56:29.151 | DEBUG    | analysis.rhythm_analyzer:_detect_onset_in_buffer:90 - Onset detected at t=9.654s
2026-06-07 10:56:32.909 | DEBUG    | analysis.rhythm_analyzer:_detect_onset_in_buffer:90 - Onset detected at t=11.105s
2026-06-07 10:56:33.452 | DEBUG    | analysis.rhythm_analyzer:_detect_onset_in_buffer:90 - Onset detected at t=11.297s
2026-06-07 10:56:34.695 | DEBUG    | analysis.rhythm_analyzer:_detect_onset_in_buffer:90 - Onset detected at t=11.773s
2026-06-07 10:56:38.794 | DEBUG    | analysis.rhythm_analyzer:_detect_onset_in_buffer:90 - Onset detected at t=13.230s
2026-06-07 10:56:39.062 | DEBUG    | synthesis.harmony_engine:_infer_key:187 - Key updated: root=9, scale=[0, 2, 3, 5, 7, 8, 10]
2026-06-07 10:56:39.760 | DEBUG    | synthesis.harmony_engine:_infer_key:187 - Key updated: root=4, scale=[0, 2, 4, 5, 7, 9, 11]
2026-06-07 10:56:39.952 | DEBUG    | synthesis.harmony_engine:_infer_key:187 - Key updated: root=9, scale=[0, 2, 3, 5, 7, 8, 10]
2026-06-07 10:56:40.021 | DEBUG    | synthesis.harmony_engine:_infer_key:187 - Key updated: root=4, scale=[0, 2, 4, 5, 7, 9, 11]
2026-06-07 10:56:40.158 | DEBUG    | synthesis.harmony_engine:_infer_key:187 - Key updated: root=4, scale=[0, 2, 3, 5, 7, 8, 10]
2026-06-07 10:56:40.229 | DEBUG    | analysis.rhythm_analyzer:_detect_onset_in_buffer:90 - Onset detected at t=13.665s
2026-06-07 10:56:40.597 | DEBUG    | synthesis.harmony_engine:_infer_key:187 - Key updated: root=11, scale=[0, 2, 4, 5, 7, 9, 11]
2026-06-07 10:56:40.881 | DEBUG    | synthesis.harmony_engine:_infer_key:187 - Key updated: root=6, scale=[0, 2, 4, 5, 7, 9, 11]
2026-06-07 10:56:44.217 | DEBUG    | analysis.rhythm_analyzer:_detect_onset_in_buffer:90 - Onset detected at t=14.739s
2026-06-07 10:56:44.420 | DEBUG    | analysis.rhythm_analyzer:_detect_onset_in_buffer:90 - Onset detected at t=15.279s
2026-06-07 10:56:45.338 | DEBUG    | analysis.rhythm_analyzer:_detect_onset_in_buffer:90 - Onset detected at t=15.615s
2026-06-07 10:56:46.305 | DEBUG    | analysis.rhythm_analyzer:_detect_onset_in_buffer:90 - Onset detected at t=15.999s
2026-06-07 10:56:46.715 | DEBUG    | analysis.rhythm_analyzer:_detect_onset_in_buffer:90 - Onset detected at t=16.149s
2026-06-07 10:56:49.926 | INFO     | core.pipeline:start:54 - KeyboardInterrupt stopping pipeline
2026-06-07 10:56:49.929 | INFO     | core.audio_capture:stop:67 - Audio capture stopped
2026-06-07 10:56:49.977 | INFO     | output.timing_sync:stop:37 - TimingSync stopped
2026-06-07 10:56:49.977 | INFO     | core.pipeline:stop:65 - Pipeline stopped after 46.2s, 747 frames processed
