2026-06-13 18:20:18.114 | INFO     | __main__:main:52 - ============================================================
2026-06-13 18:20:18.115 | INFO     | __main__:main:53 -   Archer-Robot Vocal Collaboration System
2026-06-13 18:20:18.116 | INFO     | __main__:main:54 - ============================================================
2026-06-13 18:20:18.140 | INFO     | config.config_loader:get_config:23 - Config loaded from /home/harsh-upadhyay/Documents/CS Projects/Archer Robot/Archer-Robot-Vocal-Collaboration-System/config/config.yaml
2026-06-13 18:20:18.140 | INFO     | __main__:main:63 - Synthesis engine : sinusoidal
2026-06-13 18:20:18.141 | INFO     | __main__:main:64 - Pitch engine     : pyin
2026-06-13 18:20:18.141 | INFO     | __main__:main:65 - Cree tokenizer   : disabled
2026-06-13 18:20:18.141 | INFO     | __main__:main:66 - ------------------------------------------------------------
2026-06-13 18:20:19.447 | INFO     | core.pipeline:__init__:22 - Initializing Archer-Robot Vocal Collaboration pipeline
2026-06-13 18:20:19.447 | INFO     | analysis.pitch_detector:__init__:17 - Pitch engine: pYIN
2026-06-13 18:20:19.448 | INFO     | analysis.cree_tokenizer:__init__:48 - Cree tokenizer disabled — running in neutral mode
2026-06-13 18:20:19.448 | INFO     | synthesis.vocable_synthesizer:_init_engine:44 - Vocable synthesizer engine: sinusoidal
2026-06-13 18:20:19.448 | INFO     | core.pipeline:__init__:38 - Pipeline initialized, all modules ready!
2026-06-13 18:20:19.448 | INFO     | __main__:main:75 - Starting pipeline!
2026-06-13 18:20:19.448 | INFO     | output.timing_sync:start:31 - TimingSync playback thread started
2026-06-13 18:20:19.448 | INFO     | core.audio_capture:start:41 - Opening audio stream: device=default, rate=44100Hz, frame=1024 samples
2026-06-13 18:20:19.462 | INFO     | core.audio_capture:start:58 - Audio capture started
2026-06-13 18:20:19.463 | INFO     | core.pipeline:start:49 - Pipeline running, Archer can sing now
2026-06-13 18:20:21.167 | DEBUG    | analysis.rhythm_analyzer:_detect_onset_in_buffer:90 - Onset detected at t=0.087s
2026-06-13 18:20:29.885 | DEBUG    | analysis.rhythm_analyzer:_detect_onset_in_buffer:90 - Onset detected at t=0.923s
2026-06-13 18:20:31.500 | DEBUG    | analysis.rhythm_analyzer:_detect_onset_in_buffer:90 - Onset detected at t=2.363s
2026-06-13 18:20:33.525 | DEBUG    | analysis.rhythm_analyzer:_estimate_tempo:113 - Tempo updated: 143.6 BPM
2026-06-13 18:20:34.248 | DEBUG    | analysis.rhythm_analyzer:_detect_onset_in_buffer:90 - Onset detected at t=2.473s
2026-06-13 18:20:35.074 | DEBUG    | analysis.rhythm_analyzer:_detect_onset_in_buffer:90 - Onset detected at t=2.589s
2026-06-13 18:20:36.561 | DEBUG    | analysis.rhythm_analyzer:_detect_onset_in_buffer:90 - Onset detected at t=2.850s
2026-06-13 18:20:38.255 | DEBUG    | analysis.rhythm_analyzer:_detect_onset_in_buffer:90 - Onset detected at t=3.216s
2026-06-13 18:20:39.457 | DEBUG    | analysis.rhythm_analyzer:_detect_onset_in_buffer:90 - Onset detected at t=3.408s
2026-06-13 18:20:41.064 | DEBUG    | analysis.rhythm_analyzer:_detect_onset_in_buffer:90 - Onset detected at t=3.669s
2026-06-13 18:20:46.299 | DEBUG    | analysis.rhythm_analyzer:_detect_onset_in_buffer:90 - Onset detected at t=4.656s
2026-06-13 18:20:46.686 | DEBUG    | analysis.rhythm_analyzer:_detect_onset_in_buffer:90 - Onset detected at t=4.737s
2026-06-13 18:20:47.874 | DEBUG    | analysis.rhythm_analyzer:_detect_onset_in_buffer:90 - Onset detected at t=4.928s
2026-06-13 18:20:55.391 | DEBUG    | analysis.rhythm_analyzer:_detect_onset_in_buffer:90 - Onset detected at t=6.896s
2026-06-13 18:20:56.499 | DEBUG    | analysis.rhythm_analyzer:_detect_onset_in_buffer:90 - Onset detected at t=7.158s
2026-06-13 18:20:57.919 | DEBUG    | analysis.rhythm_analyzer:_detect_onset_in_buffer:90 - Onset detected at t=7.355s
2026-06-13 18:20:58.162 | DEBUG    | analysis.rhythm_analyzer:_detect_onset_in_buffer:90 - Onset detected at t=7.506s
2026-06-13 18:21:05.215 | DEBUG    | analysis.rhythm_analyzer:_detect_onset_in_buffer:90 - Onset detected at t=8.957s
2026-06-13 18:21:06.808 | DEBUG    | analysis.rhythm_analyzer:_detect_onset_in_buffer:90 - Onset detected at t=9.236s
2026-06-13 18:21:11.966 | INFO     | core.pipeline:start:54 - KeyboardInterrupt stopping pipeline
2026-06-13 18:21:12.013 | INFO     | core.audio_capture:stop:67 - Audio capture stopped
2026-06-13 18:21:12.034 | INFO     | output.timing_sync:stop:37 - TimingSync stopped
2026-06-13 18:21:12.034 | INFO     | core.pipeline:stop:65 - Pipeline stopped after 52.6s, 445 frames processed
